 npUnity3D32

 Timestamp is 57875a31 (Thu Jul 14 11:24:01 2016)

 Preferred load address is 10000000

 Start         Length     Name                   Class
 0001:00000000 0003fbc0H .text                   CODE
 0001:0003fbc0 0000016cH .text$x                 CODE
 0001:0003fd2c 0000019aH .text$yc                CODE
 0001:0003fec6 000000f4H .text$yd                CODE
 0002:00000000 00000434H .idata$5                DATA
 0002:00000434 00000004H .CRT$XCA                DATA
 0002:00000438 0000003cH .CRT$XCU                DATA
 0002:00000474 00000004H .CRT$XCZ                DATA
 0002:00000478 00000004H .CRT$XIA                DATA
 0002:0000047c 00000014H .CRT$XIC                DATA
 0002:00000490 00000004H .CRT$XIZ                DATA
 0002:00000494 00000004H .CRT$XPA                DATA
 0002:00000498 00000004H .CRT$XPX                DATA
 0002:0000049c 00000004H .CRT$XPXA               DATA
 0002:000004a0 00000004H .CRT$XPZ                DATA
 0002:000004a4 00000004H .CRT$XTA                DATA
 0002:000004a8 00000004H .CRT$XTZ                DATA
 0002:000004b0 00018798H .rdata                  DATA
 0002:00018c48 0000005aH .rdata$debug            DATA
 0002:00018ca4 00000214H .rdata$r                DATA
 0002:00018ec0 0000009cH .rdata$sxdata           DATA
 0002:00018f5c 00000004H .rtc$IAA                DATA
 0002:00018f60 00000004H .rtc$IZZ                DATA
 0002:00018f64 00000004H .rtc$TAA                DATA
 0002:00018f68 00000004H .rtc$TZZ                DATA
 0002:00018f70 00001390H .xdata$x                DATA
 0002:0001a300 000000c8H .idata$2                DATA
 0002:0001a3c8 00000014H .idata$3                DATA
 0002:0001a3dc 00000434H .idata$4                DATA
 0002:0001a810 0000125aH .idata$6                DATA
 0002:0001ba70 00000099H .edata                  DATA
 0003:00000000 0000165cH .data                   DATA
 0003:00001660 000041c0H .bss                    DATA
 0004:00000000 000003b0H .rsrc$01                DATA
 0004:000003b0 0008a4f0H .rsrc$02                DATA

  Address         Publics by Value              Rva+Base       Lib:Object

 0000:00000000       __except_list              00000000     <absolute>
 0000:00000027       ___safe_se_handler_count   00000027     <absolute>
 0000:00000000       ___ImageBase               10000000     <linker-defined>
 0001:00000000       ??1bad_alloc@std@@UAE@XZ   10001000 f i DownloadManager.obj
 0001:0000000b       ??_Gbad_alloc@std@@UAEPAXI@Z 1000100b f i DownloadManager.obj
 0001:0000000b       ??_Ebad_alloc@std@@UAEPAXI@Z 1000100b f i  CIL library: CIL module
 0001:00000030       ??0DownloaderNetscape@@QAE@ABV?$basic_string@DU?$char_traits@D@std@@V?$allocator@D@2@@std@@AAVLogger@@PAX@Z 10001030 f i DownloadManager.obj
 0001:000000ae       ?OnRedirectAuthorizationResponse@DownloaderNetscape@@UAEX_N@Z 100010ae f i DownloadManager.obj
 0001:000000d4       ??0CrossdomainPolicyManager@@QAE@XZ 100010d4 f i DownloadManager.obj
 0001:000001aa       ?CancelDownload@@YAXPAVDownload@@@Z 100011aa f   DownloadManager.obj
 0001:000001ff       ?RemoveDownload@@YAXPAVDownloaderNetscape@@@Z 100011ff f   DownloadManager.obj
 0001:00000220       ?_StartDownload@@YAPAVDownload@@ABV?$basic_string@DU?$char_traits@D@std@@V?$allocator@D@2@@std@@AAVLogger@@PAXPBXI3IW4RedirectPolicy@1@@Z 10001220 f   DownloadManager.obj
 0001:00000360       ?IsDomainMatch@CrossdomainPolicyEntry@@QBE_NABV?$basic_string@DU?$char_traits@D@std@@V?$allocator@D@2@@std@@@Z 10001360 f   DownloadManager.obj
 0001:000003e3       ?ParseDomainSpecifier@CrossdomainPolicyEntry@@IAE_NABV?$basic_string@DU?$char_traits@D@std@@V?$allocator@D@2@@std@@@Z 100013e3 f   DownloadManager.obj
 0001:000004f7       ??1PluginError@@QAE@XZ     100014f7 f i WebCommonLib:PluginInstance.obj
 0001:000004f7       ??1URLParts@@QAE@XZ        100014f7 f i DownloadManager.obj
 0001:0000050f       ?extractNumber@@YAGABV?$basic_string@DU?$char_traits@D@std@@V?$allocator@D@2@@std@@AAI@Z 1000150f f   DownloadManager.obj
 0001:00000584       ?ParsePortList@CrossdomainPolicyEntry@@IAE_NABV?$basic_string@DU?$char_traits@D@std@@V?$allocator@D@2@@std@@@Z 10001584 f   DownloadManager.obj
 0001:000006a8       ?ParseSecureAttribute@CrossdomainPolicyEntry@@IAE_NABV?$basic_string@DU?$char_traits@D@std@@V?$allocator@D@2@@std@@0@Z 100016a8 f   DownloadManager.obj
 0001:0000071b       ?ParseAttribute@CrossdomainPolicyEntry@@QAE_NABV?$basic_string@DU?$char_traits@D@std@@V?$allocator@D@2@@std@@00@Z 1000171b f   DownloadManager.obj
 0001:000007ab       ?IsAllowed@CrossdomainPolicy@@QBE_NABV?$basic_string@DU?$char_traits@D@std@@V?$allocator@D@2@@std@@0G@Z 100017ab f   DownloadManager.obj
 0001:00000863       ?ParsePolicyXML@CrossdomainPolicy@@QAEXABV?$basic_string@DU?$char_traits@D@std@@V?$allocator@D@2@@std@@@Z 10001863 f   DownloadManager.obj
 0001:00000b32       ?DownloadCompleteCallback@@YAXPAVDownload@@@Z 10001b32 f   DownloadManager.obj
 0001:00000b4f       ?GetURLParts@CrossdomainPolicyManager@@SA?AUURLParts@@ABV?$basic_string@DU?$char_traits@D@std@@V?$allocator@D@2@@std@@@Z 10001b4f f   DownloadManager.obj
 0001:00000d86       ?GetRelevantDomain@CrossdomainPolicyManager@@SA?AV?$basic_string@DU?$char_traits@D@std@@V?$allocator@D@2@@std@@ABUURLParts@@@Z 10001d86 f   DownloadManager.obj
 0001:00000df8       ?RequestAuthorization@CrossdomainPolicyManager@@QAEXABV?$basic_string@DU?$char_traits@D@std@@V?$allocator@D@2@@std@@PAVDownloaderNetscape@@@Z 10001df8 f   DownloadManager.obj
 0001:00001045       ??1?$_Pair_base@$$CBV?$basic_string@DU?$char_traits@D@std@@V?$allocator@D@2@@std@@V?$list@PAVDownloaderNetscape@@V?$allocator@PAVDownloaderNetscape@@@std@@@2@@std@@QAE@XZ 10002045 f i DownloadManager.obj
 0001:00001063       ?OnCrossdomainDownloadComplete@CrossdomainPolicyManager@@QAEXPAVDownload@@@Z 10002063 f   DownloadManager.obj
 0001:000012c1       ??1CrossdomainPolicyManager@@QAE@XZ 100022c1 f   DownloadManager.obj
 0001:00001383       ?GetCrossdomainXMLUrl@CrossdomainPolicyManager@@SA?AV?$basic_string@DU?$char_traits@D@std@@V?$allocator@D@2@@std@@ABUURLParts@@@Z 10002383 f   DownloadManager.obj
 0001:000013fa       ??0?$basic_string@DU?$char_traits@D@std@@V?$allocator@D@2@@std@@QAE@ABV01@@Z 100023fa f i DownloadManager.obj
 0001:00001420       ??0?$basic_string@DU?$char_traits@D@std@@V?$allocator@D@2@@std@@QAE@PBD@Z 10002420 f i DownloadManager.obj
 0001:0000144f       ??0?$basic_string@DU?$char_traits@D@std@@V?$allocator@D@2@@std@@QAE@$$QAV01@@Z 1000244f f i DownloadManager.obj
 0001:00001472       ?find_first_of@?$basic_string@DU?$char_traits@D@std@@V?$allocator@D@2@@std@@QBEIPBDI@Z 10002472 f i DownloadManager.obj
 0001:000014e7       ?find_first_not_of@?$basic_string@DU?$char_traits@D@std@@V?$allocator@D@2@@std@@QBEIPBDI@Z 100024e7 f i DownloadManager.obj
 0001:0000155a       ?substr@?$basic_string@DU?$char_traits@D@std@@V?$allocator@D@2@@std@@QBE?AV12@II@Z 1000255a f i DownloadManager.obj
 0001:00001581       ?compare@?$basic_string@DU?$char_traits@D@std@@V?$allocator@D@2@@std@@QBEHPBD@Z 10002581 f i DownloadManager.obj
 0001:000015a5       ?compare@?$basic_string@DU?$char_traits@D@std@@V?$allocator@D@2@@std@@QBEHIIPBD@Z 100025a5 f i DownloadManager.obj
 0001:000015ca       ??0?$list@VPortRange@@V?$allocator@VPortRange@@@std@@@std@@QAE@ABV01@@Z 100025ca f i DownloadManager.obj
 0001:00001634       ?push_back@?$list@VPortRange@@V?$allocator@VPortRange@@@std@@@std@@QAEX$$QAVPortRange@@@Z 10002634 f i DownloadManager.obj
 0001:00001667       ?clear@?$list@PAVDownloaderNetscape@@V?$allocator@PAVDownloaderNetscape@@@std@@@std@@QAEXXZ 10002667 f i DownloadManager.obj
 0001:00001667       ?clear@?$list@VPortRange@@V?$allocator@VPortRange@@@std@@@std@@QAEXXZ 10002667 f i DownloadManager.obj
 0001:0000168c       ??1?$list@VCrossdomainPolicyEntry@@V?$allocator@VCrossdomainPolicyEntry@@@std@@@std@@QAE@XZ 1000268c f i DownloadManager.obj
 0001:000016e0       ?erase@?$_Tree@V?$_Tmap_traits@V?$basic_string@DU?$char_traits@D@std@@V?$allocator@D@2@@std@@V?$list@PAVDownloaderNetscape@@V?$allocator@PAVDownloaderNetscape@@@std@@@2@U?$less@V?$basic_string@DU?$char_traits@D@std@@V?$allocator@D@2@@std@@@2@V?$allocator@U?$pair@$$CBV?$basic_string@DU?$char_traits@D@std@@V?$allocator@D@2@@std@@V?$list@PAVDownloaderNetscape@@V?$allocator@PAVDownloaderNetscape@@@std@@@2@@std@@@2@$0A@@std@@@std@@QAE?AV?$_Tree_iterator@V?$_Tree_val@V?$_Tmap_traits@V?$basic_string@DU?$char_traits@D@std@@V?$allocator@D@2@@std@@V?$list@PAVDownloaderNetscape@@V?$allocator@PAVDownloaderNetscape@@@std@@@2@U?$less@V?$basic_string@DU?$char_traits@D@std@@V?$allocator@D@2@@std@@@2@V?$allocator@U?$pair@$$CBV?$basic_string@DU?$char_traits@D@std@@V?$allocator@D@2@@std@@V?$list@PAVDownloaderNetscape@@V?$allocator@PAVDownloaderNetscape@@@std@@@2@@std@@@2@$0A@@std@@@std@@@2@V?$_Tree_const_iterator@V?$_Tree_val@V?$_Tmap_traits@V?$basic_string@DU?$char_traits@D@std@@V?$allocator@D@2@@std@@V?$list@PAVDownloaderNetscape@@V?$allocator@PAVDownloaderNetscape@@@std@@@2@U?$less@V?$basic_string@DU?$char_traits@D@std@@V?$allocator@D@2@@std@@@2@V?$allocator@U?$pair@$$CBV?$basic_string@DU?$char_traits@D@std@@V?$allocator@D@2@@std@@V?$list@PAVDownloaderNetscape@@V?$allocator@PAVDownloaderNetscape@@@std@@@2@@std@@@2@$0A@@std@@@std@@@2@@Z 100026e0 f i DownloadManager.obj
 0001:0000193d       ?clear@?$_Tree@V?$_Tmap_traits@V?$basic_string@DU?$char_traits@D@std@@V?$allocator@D@2@@std@@V?$list@PAVDownloaderNetscape@@V?$allocator@PAVDownloaderNetscape@@@std@@@2@U?$less@V?$basic_string@DU?$char_traits@D@std@@V?$allocator@D@2@@std@@@2@V?$allocator@U?$pair@$$CBV?$basic_string@DU?$char_traits@D@std@@V?$allocator@D@2@@std@@V?$list@PAVDownloaderNetscape@@V?$allocator@PAVDownloaderNetscape@@@std@@@2@@std@@@2@$0A@@std@@@std@@QAEXXZ 1000293d f i DownloadManager.obj
 0001:0000196e       ?find@?$_Tree@V?$_Tmap_traits@V?$basic_string@DU?$char_traits@D@std@@V?$allocator@D@2@@std@@V?$list@PAVDownloaderNetscape@@V?$allocator@PAVDownloaderNetscape@@@std@@@2@U?$less@V?$basic_string@DU?$char_traits@D@std@@V?$allocator@D@2@@std@@@2@V?$allocator@U?$pair@$$CBV?$basic_string@DU?$char_traits@D@std@@V?$allocator@D@2@@std@@V?$list@PAVDownloaderNetscape@@V?$allocator@PAVDownloaderNetscape@@@std@@@2@@std@@@2@$0A@@std@@@std@@QAE?AV?$_Tree_iterator@V?$_Tree_val@V?$_Tmap_traits@V?$basic_string@DU?$char_traits@D@std@@V?$allocator@D@2@@std@@V?$list@PAVDownloaderNetscape@@V?$allocator@PAVDownloaderNetscape@@@std@@@2@U?$less@V?$basic_string@DU?$char_traits@D@std@@V?$allocator@D@2@@std@@@2@V?$allocator@U?$pair@$$CBV?$basic_string@DU?$char_traits@D@std@@V?$allocator@D@2@@std@@V?$list@PAVDownloaderNetscape@@V?$allocator@PAVDownloaderNetscape@@@std@@@2@@std@@@2@$0A@@std@@@std@@@2@ABV?$basic_string@DU?$char_traits@D@std@@V?$allocator@D@2@@2@@Z 1000296e f i DownloadManager.obj
 0001:000019ce       ?clear@?$_Tree@V?$_Tmap_traits@V?$basic_string@DU?$char_traits@D@std@@V?$allocator@D@2@@std@@PAVCrossdomainPolicy@@U?$less@V?$basic_string@DU?$char_traits@D@std@@V?$allocator@D@2@@std@@@2@V?$allocator@U?$pair@$$CBV?$basic_string@DU?$char_traits@D@std@@V?$allocator@D@2@@std@@PAVCrossdomainPolicy@@@std@@@2@$0A@@std@@@std@@QAEXXZ 100029ce f i DownloadManager.obj
 0001:000019f3       ?find@?$_Tree@V?$_Tmap_traits@V?$basic_string@DU?$char_traits@D@std@@V?$allocator@D@2@@std@@PAVCrossdomainPolicy@@U?$less@V?$basic_string@DU?$char_traits@D@std@@V?$allocator@D@2@@std@@@2@V?$allocator@U?$pair@$$CBV?$basic_string@DU?$char_traits@D@std@@V?$allocator@D@2@@std@@PAVCrossdomainPolicy@@@std@@@2@$0A@@std@@@std@@QAE?AV?$_Tree_iterator@V?$_Tree_val@V?$_Tmap_traits@V?$basic_string@DU?$char_traits@D@std@@V?$allocator@D@2@@std@@PAVCrossdomainPolicy@@U?$less@V?$basic_string@DU?$char_traits@D@std@@V?$allocator@D@2@@std@@@2@V?$allocator@U?$pair@$$CBV?$basic_string@DU?$char_traits@D@std@@V?$allocator@D@2@@std@@PAVCrossdomainPolicy@@@std@@@2@$0A@@std@@@std@@@2@ABV?$basic_string@DU?$char_traits@D@std@@V?$allocator@D@2@@2@@Z 100029f3 f i DownloadManager.obj
 0001:00001a53       ?erase@?$_Tree@V?$_Tmap_traits@IPAVDownloaderNetscape@@U?$less@I@std@@V?$allocator@U?$pair@$$CBIPAVDownloaderNetscape@@@std@@@3@$0A@@std@@@std@@QAEIABI@Z 10002a53 f i DownloadManager.obj
 0001:00001ae7       ?erase@?$_Tree@V?$_Tmap_traits@PAVDownload@@PAU_NPStream@@U?$less@PAVDownload@@@std@@V?$allocator@U?$pair@QAVDownload@@PAU_NPStream@@@std@@@4@$0A@@std@@@std@@QAEIABQAVDownload@@@Z 10002ae7 f i DownloadManager.obj
 0001:00001b7b       ?find@?$_Tree@V?$_Tmap_traits@PAVDownload@@PAU_NPStream@@U?$less@PAVDownload@@@std@@V?$allocator@U?$pair@QAVDownload@@PAU_NPStream@@@std@@@4@$0A@@std@@@std@@QAE?AV?$_Tree_iterator@V?$_Tree_val@V?$_Tmap_traits@PAVDownload@@PAU_NPStream@@U?$less@PAVDownload@@@std@@V?$allocator@U?$pair@QAVDownload@@PAU_NPStream@@@std@@@4@$0A@@std@@@std@@@2@ABQAVDownload@@@Z 10002b7b f i DownloadManager.obj
 0001:00001bca       ?assign@?$basic_string@DU?$char_traits@D@std@@V?$allocator@D@2@@std@@QAEAAV12@$$QAV12@@Z 10002bca f i DownloadManager.obj
 0001:00001c21       ?assign@?$basic_string@DU?$char_traits@D@std@@V?$allocator@D@2@@std@@QAEAAV12@ABV12@II@Z 10002c21 f i DownloadManager.obj
 0001:00001cba       ?find@?$basic_string@DU?$char_traits@D@std@@V?$allocator@D@2@@std@@QBEIPBDII@Z 10002cba f i DownloadManager.obj
 0001:00001d43       ?compare@?$basic_string@DU?$char_traits@D@std@@V?$allocator@D@2@@std@@QBEHIIPBDI@Z 10002d43 f i DownloadManager.obj
 0001:00001da5       ?_Tidy@?$basic_string@DU?$char_traits@D@std@@V?$allocator@D@2@@std@@QAEX_NI@Z 10002da5 f i DownloadManager.obj
 0001:00001de9       ?_Erase@?$_Tree@V?$_Tmap_traits@V?$basic_string@DU?$char_traits@D@std@@V?$allocator@D@2@@std@@V?$list@PAVDownloaderNetscape@@V?$allocator@PAVDownloaderNetscape@@@std@@@2@U?$less@V?$basic_string@DU?$char_traits@D@std@@V?$allocator@D@2@@std@@@2@V?$allocator@U?$pair@$$CBV?$basic_string@DU?$char_traits@D@std@@V?$allocator@D@2@@std@@V?$list@PAVDownloaderNetscape@@V?$allocator@PAVDownloaderNetscape@@@std@@@2@@std@@@2@$0A@@std@@@std@@IAEXPAU_Node@?$_Tree_nod@V?$_Tmap_traits@V?$basic_string@DU?$char_traits@D@std@@V?$allocator@D@2@@std@@V?$list@PAVDownloaderNetscape@@V?$allocator@PAVDownloaderNetscape@@@std@@@2@U?$less@V?$basic_string@DU?$char_traits@D@std@@V?$allocator@D@2@@std@@@2@V?$allocator@U?$pair@$$CBV?$basic_string@DU?$char_traits@D@std@@V?$allocator@D@2@@std@@V?$list@PAVDownloaderNetscape@@V?$allocator@PAVDownloaderNetscape@@@std@@@2@@std@@@2@$0A@@std@@@2@@Z 10002de9 f i DownloadManager.obj
 0001:00001e29       ?_Lrotate@?$_Tree@V?$_Tmap_traits@V?$basic_string@DU?$char_traits@D@std@@V?$allocator@D@2@@std@@V?$list@PAVDownloaderNetscape@@V?$allocator@PAVDownloaderNetscape@@@std@@@2@U?$less@V?$basic_string@DU?$char_traits@D@std@@V?$allocator@D@2@@std@@@2@V?$allocator@U?$pair@$$CBV?$basic_string@DU?$char_traits@D@std@@V?$allocator@D@2@@std@@V?$list@PAVDownloaderNetscape@@V?$allocator@PAVDownloaderNetscape@@@std@@@2@@std@@@2@$0A@@std@@@std@@IAEXPAU_Node@?$_Tree_nod@V?$_Tmap_traits@V?$basic_string@DU?$char_traits@D@std@@V?$allocator@D@2@@std@@V?$list@PAVDownloaderNetscape@@V?$allocator@PAVDownloaderNetscape@@@std@@@2@U?$less@V?$basic_string@DU?$char_traits@D@std@@V?$allocator@D@2@@std@@@2@V?$allocator@U?$pair@$$CBV?$basic_string@DU?$char_traits@D@std@@V?$allocator@D@2@@std@@V?$list@PAVDownloaderNetscape@@V?$allocator@PAVDownloaderNetscape@@@std@@@2@@std@@@2@$0A@@std@@@2@@Z 10002e29 f i DownloadManager.obj
 0001:00001e6c       ?_Rrotate@?$_Tree@V?$_Tmap_traits@V?$basic_string@DU?$char_traits@D@std@@V?$allocator@D@2@@std@@V?$list@PAVDownloaderNetscape@@V?$allocator@PAVDownloaderNetscape@@@std@@@2@U?$less@V?$basic_string@DU?$char_traits@D@std@@V?$allocator@D@2@@std@@@2@V?$allocator@U?$pair@$$CBV?$basic_string@DU?$char_traits@D@std@@V?$allocator@D@2@@std@@V?$list@PAVDownloaderNetscape@@V?$allocator@PAVDownloaderNetscape@@@std@@@2@@std@@@2@$0A@@std@@@std@@IAEXPAU_Node@?$_Tree_nod@V?$_Tmap_traits@V?$basic_string@DU?$char_traits@D@std@@V?$allocator@D@2@@std@@V?$list@PAVDownloaderNetscape@@V?$allocator@PAVDownloaderNetscape@@@std@@@2@U?$less@V?$basic_string@DU?$char_traits@D@std@@V?$allocator@D@2@@std@@@2@V?$allocator@U?$pair@$$CBV?$basic_string@DU?$char_traits@D@std@@V?$allocator@D@2@@std@@V?$list@PAVDownloaderNetscape@@V?$allocator@PAVDownloaderNetscape@@@std@@@2@@std@@@2@$0A@@std@@@2@@Z 10002e6c f i DownloadManager.obj
 0001:00001eb1       ?_Erase@?$_Tree@V?$_Tmap_traits@V?$basic_string@DU?$char_traits@D@std@@V?$allocator@D@2@@std@@PAVCrossdomainPolicy@@U?$less@V?$basic_string@DU?$char_traits@D@std@@V?$allocator@D@2@@std@@@2@V?$allocator@U?$pair@$$CBV?$basic_string@DU?$char_traits@D@std@@V?$allocator@D@2@@std@@PAVCrossdomainPolicy@@@std@@@2@$0A@@std@@@std@@IAEXPAU_Node@?$_Tree_nod@V?$_Tmap_traits@V?$basic_string@DU?$char_traits@D@std@@V?$allocator@D@2@@std@@PAVCrossdomainPolicy@@U?$less@V?$basic_string@DU?$char_traits@D@std@@V?$allocator@D@2@@std@@@2@V?$allocator@U?$pair@$$CBV?$basic_string@DU?$char_traits@D@std@@V?$allocator@D@2@@std@@PAVCrossdomainPolicy@@@std@@@2@$0A@@std@@@2@@Z 10002eb1 f i DownloadManager.obj
 0001:00001ef3       ?erase@?$_Tree@V?$_Tmap_traits@IPAVDownloaderNetscape@@U?$less@I@std@@V?$allocator@U?$pair@$$CBIPAVDownloaderNetscape@@@std@@@3@$0A@@std@@@std@@QAE?AV?$_Tree_iterator@V?$_Tree_val@V?$_Tmap_traits@IPAVDownloaderNetscape@@U?$less@I@std@@V?$allocator@U?$pair@$$CBIPAVDownloaderNetscape@@@std@@@3@$0A@@std@@@std@@@2@V?$_Tree_const_iterator@V?$_Tree_val@V?$_Tmap_traits@IPAVDownloaderNetscape@@U?$less@I@std@@V?$allocator@U?$pair@$$CBIPAVDownloaderNetscape@@@std@@@3@$0A@@std@@@std@@@2@0@Z 10002ef3 f i DownloadManager.obj
 0001:00001f69       ?erase@?$_Tree@V?$_Tmap_traits@PAVDownload@@PAU_NPStream@@U?$less@PAVDownload@@@std@@V?$allocator@U?$pair@QAVDownload@@PAU_NPStream@@@std@@@4@$0A@@std@@@std@@QAE?AV?$_Tree_iterator@V?$_Tree_val@V?$_Tmap_traits@PAVDownload@@PAU_NPStream@@U?$less@PAVDownload@@@std@@V?$allocator@U?$pair@QAVDownload@@PAU_NPStream@@@std@@@4@$0A@@std@@@std@@@2@V?$_Tree_const_iterator@V?$_Tree_val@V?$_Tmap_traits@PAVDownload@@PAU_NPStream@@U?$less@PAVDownload@@@std@@V?$allocator@U?$pair@QAVDownload@@PAU_NPStream@@@std@@@4@$0A@@std@@@std@@@2@0@Z 10002f69 f i DownloadManager.obj
 0001:00001fdf       ??E?$_Tree_const_iterator@V?$_Tree_val@V?$_Tmap_traits@V?$basic_string@DU?$char_traits@D@std@@V?$allocator@D@2@@std@@V?$list@PAVDownloaderNetscape@@V?$allocator@PAVDownloaderNetscape@@@std@@@2@U?$less@V?$basic_string@DU?$char_traits@D@std@@V?$allocator@D@2@@std@@@2@V?$allocator@U?$pair@$$CBV?$basic_string@DU?$char_traits@D@std@@V?$allocator@D@2@@std@@V?$list@PAVDownloaderNetscape@@V?$allocator@PAVDownloaderNetscape@@@std@@@2@@std@@@2@$0A@@std@@@std@@@std@@QAEAAV01@XZ 10002fdf f i DownloadManager.obj
 0001:00002015       ?_Insert@?$list@PAVDownloaderNetscape@@V?$allocator@PAVDownloaderNetscape@@@std@@@std@@QAEXV?$_List_const_iterator@V?$_List_val@PAVDownloaderNetscape@@V?$allocator@PAVDownloaderNetscape@@@std@@@std@@@2@ABQAVDownloaderNetscape@@@Z 10003015 f i DownloadManager.obj
 0001:00002053       ?append@?$basic_string@DU?$char_traits@D@std@@V?$allocator@D@2@@std@@QAEAAV12@ABV12@II@Z 10003053 f i DownloadManager.obj
 0001:000020ed       ?append@?$basic_string@DU?$char_traits@D@std@@V?$allocator@D@2@@std@@QAEAAV12@PBDI@Z 100030ed f i DownloadManager.obj
 0001:00002186       ?assign@?$basic_string@DU?$char_traits@D@std@@V?$allocator@D@2@@std@@QAEAAV12@PBDI@Z 10003186 f i DownloadManager.obj
 0001:000021fb       ?erase@?$basic_string@DU?$char_traits@D@std@@V?$allocator@D@2@@std@@QAEAAV12@II@Z 100031fb f i DownloadManager.obj
 0001:00002273       ?_Grow@?$basic_string@DU?$char_traits@D@std@@V?$allocator@D@2@@std@@QAE_NI_N@Z 10003273 f i DownloadManager.obj
 0001:000022d7       ?_Buynode@?$_List_val@VCrossdomainPolicyEntry@@V?$allocator@VCrossdomainPolicyEntry@@@std@@@std@@QAEPAU_Node@?$_List_nod@VCrossdomainPolicyEntry@@V?$allocator@VCrossdomainPolicyEntry@@@std@@@2@PAU342@0ABVCrossdomainPolicyEntry@@@Z 100032d7 f i DownloadManager.obj
 0001:00002360       ?allocate@?$allocator@U_Node@?$_List_nod@VCrossdomainPolicyEntry@@V?$allocator@VCrossdomainPolicyEntry@@@std@@@std@@@std@@QAEPAU_Node@?$_List_nod@VCrossdomainPolicyEntry@@V?$allocator@VCrossdomainPolicyEntry@@@std@@@2@I@Z 10003360 f i DownloadManager.obj
 0001:00002360       ?allocate@?$allocator@U_Node@?$_Tree_nod@V?$_Tmap_traits@V?$basic_string@DU?$char_traits@D@std@@V?$allocator@D@2@@std@@V?$list@PAVDownloaderNetscape@@V?$allocator@PAVDownloaderNetscape@@@std@@@2@U?$less@V?$basic_string@DU?$char_traits@D@std@@V?$allocator@D@2@@std@@@2@V?$allocator@U?$pair@$$CBV?$basic_string@DU?$char_traits@D@std@@V?$allocator@D@2@@std@@V?$list@PAVDownloaderNetscape@@V?$allocator@PAVDownloaderNetscape@@@std@@@2@@std@@@2@$0A@@std@@@std@@@std@@QAEPAU_Node@?$_Tree_nod@V?$_Tmap_traits@V?$basic_string@DU?$char_traits@D@std@@V?$allocator@D@2@@std@@V?$list@PAVDownloaderNetscape@@V?$allocator@PAVDownloaderNetscape@@@std@@@2@U?$less@V?$basic_string@DU?$char_traits@D@std@@V?$allocator@D@2@@std@@@2@V?$allocator@U?$pair@$$CBV?$basic_string@DU?$char_traits@D@std@@V?$allocator@D@2@@std@@V?$list@PAVDownloaderNetscape@@V?$allocator@PAVDownloaderNetscape@@@std@@@2@@std@@@2@$0A@@std@@@2@I@Z 10003360 f i DownloadManager.obj
 0001:00002398       ?erase@?$_Tree@V?$_Tmap_traits@IPAVDownloaderNetscape@@U?$less@I@std@@V?$allocator@U?$pair@$$CBIPAVDownloaderNetscape@@@std@@@3@$0A@@std@@@std@@QAE?AV?$_Tree_iterator@V?$_Tree_val@V?$_Tmap_traits@IPAVDownloaderNetscape@@U?$less@I@std@@V?$allocator@U?$pair@$$CBIPAVDownloaderNetscape@@@std@@@3@$0A@@std@@@std@@@2@V?$_Tree_const_iterator@V?$_Tree_val@V?$_Tmap_traits@IPAVDownloaderNetscape@@U?$less@I@std@@V?$allocator@U?$pair@$$CBIPAVDownloaderNetscape@@@std@@@3@$0A@@std@@@std@@@2@@Z 10003398 f i DownloadManager.obj
 0001:000025d6       ?erase@?$_Tree@V?$_Tmap_traits@PAVDownload@@PAU_NPStream@@U?$less@PAVDownload@@@std@@V?$allocator@U?$pair@QAVDownload@@PAU_NPStream@@@std@@@4@$0A@@std@@@std@@QAE?AV?$_Tree_iterator@V?$_Tree_val@V?$_Tmap_traits@PAVDownload@@PAU_NPStream@@U?$less@PAVDownload@@@std@@V?$allocator@U?$pair@QAVDownload@@PAU_NPStream@@@std@@@4@$0A@@std@@@std@@@2@V?$_Tree_const_iterator@V?$_Tree_val@V?$_Tmap_traits@PAVDownload@@PAU_NPStream@@U?$less@PAVDownload@@@std@@V?$allocator@U?$pair@QAVDownload@@PAU_NPStream@@@std@@@4@$0A@@std@@@std@@@2@@Z 100035d6 f i DownloadManager.obj
 0001:00002814       ??E?$_Tree_const_iterator@V?$_Tree_val@V?$_Tmap_traits@V?$basic_string@DU?$char_traits@D@std@@V?$allocator@D@2@@std@@PAVCrossdomainPolicy@@U?$less@V?$basic_string@DU?$char_traits@D@std@@V?$allocator@D@2@@std@@@2@V?$allocator@U?$pair@$$CBV?$basic_string@DU?$char_traits@D@std@@V?$allocator@D@2@@std@@PAVCrossdomainPolicy@@@std@@@2@$0A@@std@@@std@@@std@@QAEAAV01@XZ 10003814 f i DownloadManager.obj
 0001:0000284a       ?_Incsize@?$list@PAVDownloaderNetscape@@V?$allocator@PAVDownloaderNetscape@@@std@@@std@@QAEXI@Z 1000384a f i DownloadManager.obj
 0001:0000286a       ?_Buynode@?$_List_val@PAVDownloaderNetscape@@V?$allocator@PAVDownloaderNetscape@@@std@@@std@@QAEPAU_Node@?$_List_nod@PAVDownloaderNetscape@@V?$allocator@PAVDownloaderNetscape@@@std@@@2@PAU342@0ABQAVDownloaderNetscape@@@Z 1000386a f i DownloadManager.obj
 0001:000028c9       ?_Copy@?$basic_string@DU?$char_traits@D@std@@V?$allocator@D@2@@std@@QAEXII@Z 100038c9 f i DownloadManager.obj
 0001:000029c7       ?_Inside@?$basic_string@DU?$char_traits@D@std@@V?$allocator@D@2@@std@@QAE_NPBD@Z 100039c7 f i DownloadManager.obj
 0001:00002a02       ?allocate@?$allocator@U_Node@?$_Tree_nod@V?$_Tmap_traits@V?$basic_string@DU?$char_traits@D@std@@V?$allocator@D@2@@std@@PAVCrossdomainPolicy@@U?$less@V?$basic_string@DU?$char_traits@D@std@@V?$allocator@D@2@@std@@@2@V?$allocator@U?$pair@$$CBV?$basic_string@DU?$char_traits@D@std@@V?$allocator@D@2@@std@@PAVCrossdomainPolicy@@@std@@@2@$0A@@std@@@std@@@std@@QAEPAU_Node@?$_Tree_nod@V?$_Tmap_traits@V?$basic_string@DU?$char_traits@D@std@@V?$allocator@D@2@@std@@PAVCrossdomainPolicy@@U?$less@V?$basic_string@DU?$char_traits@D@std@@V?$allocator@D@2@@std@@@2@V?$allocator@U?$pair@$$CBV?$basic_string@DU?$char_traits@D@std@@V?$allocator@D@2@@std@@PAVCrossdomainPolicy@@@std@@@2@$0A@@std@@@2@I@Z 10003a02 f i DownloadManager.obj
 0001:00002a3a       ?_Erase@?$_Tree@V?$_Tmap_traits@IPAVDownloaderNetscape@@U?$less@I@std@@V?$allocator@U?$pair@$$CBIPAVDownloaderNetscape@@@std@@@3@$0A@@std@@@std@@IAEXPAU_Node@?$_Tree_nod@V?$_Tmap_traits@IPAVDownloaderNetscape@@U?$less@I@std@@V?$allocator@U?$pair@$$CBIPAVDownloaderNetscape@@@std@@@3@$0A@@std@@@2@@Z 10003a3a f i DownloadManager.obj
 0001:00002a3a       ?_Erase@?$_Tree@V?$_Tmap_traits@KPAVTimer@?A0xcd4663a9@@U?$less@K@std@@V?$allocator@U?$pair@$$CBKPAVTimer@?A0xcd4663a9@@@std@@@4@$0A@@std@@@std@@IAEXPAU_Node@?$_Tree_nod@V?$_Tmap_traits@KPAVTimer@?A0xcd4663a9@@U?$less@K@std@@V?$allocator@U?$pair@$$CBKPAVTimer@?A0xcd4663a9@@@std@@@4@$0A@@std@@@2@@Z 10003a3a f i WebCommonLib:PluginManager.obj
 0001:00002a3a       ?_Erase@?$_Tree@V?$_Tmap_traits@IW4UpdateStatus@UpdaterProxy@@U?$less@I@std@@V?$allocator@U?$pair@$$CBIW4UpdateStatus@UpdaterProxy@@@std@@@4@$0A@@std@@@std@@IAEXPAU_Node@?$_Tree_nod@V?$_Tmap_traits@IW4UpdateStatus@UpdaterProxy@@U?$less@I@std@@V?$allocator@U?$pair@$$CBIW4UpdateStatus@UpdaterProxy@@@std@@@4@$0A@@std@@@2@@Z 10003a3a f i WebCommonLib:PluginManager.obj
 0001:00002a3a       ?_Erase@?$_Tree@V?$_Tmap_traits@PAVDownload@@PAU_NPStream@@U?$less@PAVDownload@@@std@@V?$allocator@U?$pair@QAVDownload@@PAU_NPStream@@@std@@@4@$0A@@std@@@std@@IAEXPAU_Node@?$_Tree_nod@V?$_Tmap_traits@PAVDownload@@PAU_NPStream@@U?$less@PAVDownload@@@std@@V?$allocator@U?$pair@QAVDownload@@PAU_NPStream@@@std@@@4@$0A@@std@@@2@@Z 10003a3a f i DownloadManager.obj
 0001:00002a6f       ?_Lrotate@?$_Tree@V?$_Tmap_traits@IPAVDownloaderNetscape@@U?$less@I@std@@V?$allocator@U?$pair@$$CBIPAVDownloaderNetscape@@@std@@@3@$0A@@std@@@std@@IAEXPAU_Node@?$_Tree_nod@V?$_Tmap_traits@IPAVDownloaderNetscape@@U?$less@I@std@@V?$allocator@U?$pair@$$CBIPAVDownloaderNetscape@@@std@@@3@$0A@@std@@@2@@Z 10003a6f f i DownloadManager.obj
 0001:00002aac       ?_Rrotate@?$_Tree@V?$_Tmap_traits@IPAVDownloaderNetscape@@U?$less@I@std@@V?$allocator@U?$pair@$$CBIPAVDownloaderNetscape@@@std@@@3@$0A@@std@@@std@@IAEXPAU_Node@?$_Tree_nod@V?$_Tmap_traits@IPAVDownloaderNetscape@@U?$less@I@std@@V?$allocator@U?$pair@$$CBIPAVDownloaderNetscape@@@std@@@3@$0A@@std@@@2@@Z 10003aac f i DownloadManager.obj
 0001:00002aeb       ?_Lrotate@?$_Tree@V?$_Tmap_traits@PAVDownload@@PAU_NPStream@@U?$less@PAVDownload@@@std@@V?$allocator@U?$pair@QAVDownload@@PAU_NPStream@@@std@@@4@$0A@@std@@@std@@IAEXPAU_Node@?$_Tree_nod@V?$_Tmap_traits@PAVDownload@@PAU_NPStream@@U?$less@PAVDownload@@@std@@V?$allocator@U?$pair@QAVDownload@@PAU_NPStream@@@std@@@4@$0A@@std@@@2@@Z 10003aeb f i DownloadManager.obj
 0001:00002b28       ?_Rrotate@?$_Tree@V?$_Tmap_traits@PAVDownload@@PAU_NPStream@@U?$less@PAVDownload@@@std@@V?$allocator@U?$pair@QAVDownload@@PAU_NPStream@@@std@@@4@$0A@@std@@@std@@IAEXPAU_Node@?$_Tree_nod@V?$_Tmap_traits@PAVDownload@@PAU_NPStream@@U?$less@PAVDownload@@@std@@V?$allocator@U?$pair@QAVDownload@@PAU_NPStream@@@std@@@4@$0A@@std@@@2@@Z 10003b28 f i DownloadManager.obj
 0001:00002b67       ?allocate@?$allocator@U_Node@?$_Tree_nod@V?$_Tmap_traits@IW4UpdateStatus@UpdaterProxy@@U?$less@I@std@@V?$allocator@U?$pair@$$CBIW4UpdateStatus@UpdaterProxy@@@std@@@4@$0A@@std@@@std@@@std@@QAEPAU_Node@?$_Tree_nod@V?$_Tmap_traits@IW4UpdateStatus@UpdaterProxy@@U?$less@I@std@@V?$allocator@U?$pair@$$CBIW4UpdateStatus@UpdaterProxy@@@std@@@4@$0A@@std@@@2@I@Z 10003b67 f i WebCommonLib:UpdaterProxy.obj
 0001:00002b67       ?allocate@?$allocator@U_Node@?$_Tree_nod@V?$_Tmap_traits@PAVDownload@@PAU_NPStream@@U?$less@PAVDownload@@@std@@V?$allocator@U?$pair@QAVDownload@@PAU_NPStream@@@std@@@4@$0A@@std@@@std@@@std@@QAEPAU_Node@?$_Tree_nod@V?$_Tmap_traits@PAVDownload@@PAU_NPStream@@U?$less@PAVDownload@@@std@@V?$allocator@U?$pair@QAVDownload@@PAU_NPStream@@@std@@@4@$0A@@std@@@2@I@Z 10003b67 f i DownloadManager.obj
 0001:00002b67       ?allocate@?$allocator@U_Node@?$_Tree_nod@V?$_Tmap_traits@IPAVDownloaderNetscape@@U?$less@I@std@@V?$allocator@U?$pair@$$CBIPAVDownloaderNetscape@@@std@@@3@$0A@@std@@@std@@@std@@QAEPAU_Node@?$_Tree_nod@V?$_Tmap_traits@IPAVDownloaderNetscape@@U?$less@I@std@@V?$allocator@U?$pair@$$CBIPAVDownloaderNetscape@@@std@@@3@$0A@@std@@@2@I@Z 10003b67 f i DownloadManager.obj
 0001:00002b67       ?allocate@?$allocator@U_Node@?$_Tree_nod@V?$_Tmap_traits@KPAVTimer@?A0xcd4663a9@@U?$less@K@std@@V?$allocator@U?$pair@$$CBKPAVTimer@?A0xcd4663a9@@@std@@@4@$0A@@std@@@std@@@std@@QAEPAU_Node@?$_Tree_nod@V?$_Tmap_traits@KPAVTimer@?A0xcd4663a9@@U?$less@K@std@@V?$allocator@U?$pair@$$CBKPAVTimer@?A0xcd4663a9@@@std@@@4@$0A@@std@@@2@I@Z 10003b67 f i WebCommonLib:PluginManager.obj
 0001:00002b9f       ??E?$_Tree_const_iterator@V?$_Tree_val@V?$_Tmap_traits@PAVDownload@@PAU_NPStream@@U?$less@PAVDownload@@@std@@V?$allocator@U?$pair@QAVDownload@@PAU_NPStream@@@std@@@4@$0A@@std@@@std@@@std@@QAEAAV01@XZ 10003b9f f i DownloadManager.obj
 0001:00002b9f       ??E?$_Tree_const_iterator@V?$_Tree_val@V?$_Tmap_traits@IW4UpdateStatus@UpdaterProxy@@U?$less@I@std@@V?$allocator@U?$pair@$$CBIW4UpdateStatus@UpdaterProxy@@@std@@@4@$0A@@std@@@std@@@std@@QAEAAV01@XZ 10003b9f f i WebCommonLib:PluginManager.obj
 0001:00002b9f       ??E?$_Tree_unchecked_const_iterator@V?$_Tree_val@V?$_Tmap_traits@KPAVTimer@?A0xcd4663a9@@U?$less@K@std@@V?$allocator@U?$pair@$$CBKPAVTimer@?A0xcd4663a9@@@std@@@4@$0A@@std@@@std@@U_Iterator_base0@2@@std@@QAEAAV01@XZ 10003b9f f i WebCommonLib:PluginManager.obj
 0001:00002b9f       ??E?$_Tree_const_iterator@V?$_Tree_val@V?$_Tmap_traits@IPAVDownloaderNetscape@@U?$less@I@std@@V?$allocator@U?$pair@$$CBIPAVDownloaderNetscape@@@std@@@3@$0A@@std@@@std@@@std@@QAEAAV01@XZ 10003b9f f i DownloadManager.obj
 0001:00002bd5       ?_Lrotate@?$_Tree@V?$_Tmap_traits@V?$basic_string@DU?$char_traits@D@std@@V?$allocator@D@2@@std@@PAVCrossdomainPolicy@@U?$less@V?$basic_string@DU?$char_traits@D@std@@V?$allocator@D@2@@std@@@2@V?$allocator@U?$pair@$$CBV?$basic_string@DU?$char_traits@D@std@@V?$allocator@D@2@@std@@PAVCrossdomainPolicy@@@std@@@2@$0A@@std@@@std@@IAEXPAU_Node@?$_Tree_nod@V?$_Tmap_traits@V?$basic_string@DU?$char_traits@D@std@@V?$allocator@D@2@@std@@PAVCrossdomainPolicy@@U?$less@V?$basic_string@DU?$char_traits@D@std@@V?$allocator@D@2@@std@@@2@V?$allocator@U?$pair@$$CBV?$basic_string@DU?$char_traits@D@std@@V?$allocator@D@2@@std@@PAVCrossdomainPolicy@@@std@@@2@$0A@@std@@@2@@Z 10003bd5 f i DownloadManager.obj
 0001:00002c18       ?_Rrotate@?$_Tree@V?$_Tmap_traits@V?$basic_string@DU?$char_traits@D@std@@V?$allocator@D@2@@std@@PAVCrossdomainPolicy@@U?$less@V?$basic_string@DU?$char_traits@D@std@@V?$allocator@D@2@@std@@@2@V?$allocator@U?$pair@$$CBV?$basic_string@DU?$char_traits@D@std@@V?$allocator@D@2@@std@@PAVCrossdomainPolicy@@@std@@@2@$0A@@std@@@std@@IAEXPAU_Node@?$_Tree_nod@V?$_Tmap_traits@V?$basic_string@DU?$char_traits@D@std@@V?$allocator@D@2@@std@@PAVCrossdomainPolicy@@U?$less@V?$basic_string@DU?$char_traits@D@std@@V?$allocator@D@2@@std@@@2@V?$allocator@U?$pair@$$CBV?$basic_string@DU?$char_traits@D@std@@V?$allocator@D@2@@std@@PAVCrossdomainPolicy@@@std@@@2@$0A@@std@@@2@@Z 10003c18 f i DownloadManager.obj
 0001:00002c5d       ??$_Allocate@D@std@@YAPADIPAD@Z 10003c5d f i DownloadManager.obj
 0001:00002ca4       ??0bad_alloc@std@@QAE@ABV01@@Z 10003ca4 f i DownloadManager.obj
 0001:00002cbf       ?_Linsert@?$_Tree@V?$_Tmap_traits@V?$basic_string@DU?$char_traits@D@std@@V?$allocator@D@2@@std@@V?$list@PAVDownloaderNetscape@@V?$allocator@PAVDownloaderNetscape@@@std@@@2@U?$less@V?$basic_string@DU?$char_traits@D@std@@V?$allocator@D@2@@std@@@2@V?$allocator@U?$pair@$$CBV?$basic_string@DU?$char_traits@D@std@@V?$allocator@D@2@@std@@V?$list@PAVDownloaderNetscape@@V?$allocator@PAVDownloaderNetscape@@@std@@@2@@std@@@2@$0A@@std@@@std@@QAE?AU?$pair@V?$_Tree_iterator@V?$_Tree_val@V?$_Tmap_traits@V?$basic_string@DU?$char_traits@D@std@@V?$allocator@D@2@@std@@V?$list@PAVDownloaderNetscape@@V?$allocator@PAVDownloaderNetscape@@@std@@@2@U?$less@V?$basic_string@DU?$char_traits@D@std@@V?$allocator@D@2@@std@@@2@V?$allocator@U?$pair@$$CBV?$basic_string@DU?$char_traits@D@std@@V?$allocator@D@2@@std@@V?$list@PAVDownloaderNetscape@@V?$allocator@PAVDownloaderNetscape@@@std@@@2@@std@@@2@$0A@@std@@@std@@@std@@_N@2@PAU_Node@?$_Tree_nod@V?$_Tmap_traits@V?$basic_string@DU?$char_traits@D@std@@V?$allocator@D@2@@std@@V?$list@PAVDownloaderNetscape@@V?$allocator@PAVDownloaderNetscape@@@std@@@2@U?$less@V?$basic_string@DU?$char_traits@D@std@@V?$allocator@D@2@@std@@@2@V?$allocator@U?$pair@$$CBV?$basic_string@DU?$char_traits@D@std@@V?$allocator@D@2@@std@@V?$list@PAVDownloaderNetscape@@V?$allocator@PAVDownloaderNetscape@@@std@@@2@@std@@@2@$0A@@std@@@2@_N@Z 10003cbf f i DownloadManager.obj
 0001:00002da8       ?_Linsert@?$_Tree@V?$_Tmap_traits@V?$basic_string@DU?$char_traits@D@std@@V?$allocator@D@2@@std@@PAVCrossdomainPolicy@@U?$less@V?$basic_string@DU?$char_traits@D@std@@V?$allocator@D@2@@std@@@2@V?$allocator@U?$pair@$$CBV?$basic_string@DU?$char_traits@D@std@@V?$allocator@D@2@@std@@PAVCrossdomainPolicy@@@std@@@2@$0A@@std@@@std@@QAE?AU?$pair@V?$_Tree_iterator@V?$_Tree_val@V?$_Tmap_traits@V?$basic_string@DU?$char_traits@D@std@@V?$allocator@D@2@@std@@PAVCrossdomainPolicy@@U?$less@V?$basic_string@DU?$char_traits@D@std@@V?$allocator@D@2@@std@@@2@V?$allocator@U?$pair@$$CBV?$basic_string@DU?$char_traits@D@std@@V?$allocator@D@2@@std@@PAVCrossdomainPolicy@@@std@@@2@$0A@@std@@@std@@@std@@_N@2@PAU_Node@?$_Tree_nod@V?$_Tmap_traits@V?$basic_string@DU?$char_traits@D@std@@V?$allocator@D@2@@std@@PAVCrossdomainPolicy@@U?$less@V?$basic_string@DU?$char_traits@D@std@@V?$allocator@D@2@@std@@@2@V?$allocator@U?$pair@$$CBV?$basic_string@DU?$char_traits@D@std@@V?$allocator@D@2@@std@@PAVCrossdomainPolicy@@@std@@@2@$0A@@std@@@2@_N@Z 10003da8 f i DownloadManager.obj
 0001:00002e8d       ?_Linsert@?$_Tree@V?$_Tmap_traits@IPAVDownloaderNetscape@@U?$less@I@std@@V?$allocator@U?$pair@$$CBIPAVDownloaderNetscape@@@std@@@3@$0A@@std@@@std@@QAE?AU?$pair@V?$_Tree_iterator@V?$_Tree_val@V?$_Tmap_traits@IPAVDownloaderNetscape@@U?$less@I@std@@V?$allocator@U?$pair@$$CBIPAVDownloaderNetscape@@@std@@@3@$0A@@std@@@std@@@std@@_N@2@PAU_Node@?$_Tree_nod@V?$_Tmap_traits@IPAVDownloaderNetscape@@U?$less@I@std@@V?$allocator@U?$pair@$$CBIPAVDownloaderNetscape@@@std@@@3@$0A@@std@@@2@_N@Z 10003e8d f i DownloadManager.obj
 0001:00002f50       ?_Linsert@?$_Tree@V?$_Tmap_traits@PAVDownload@@PAU_NPStream@@U?$less@PAVDownload@@@std@@V?$allocator@U?$pair@QAVDownload@@PAU_NPStream@@@std@@@4@$0A@@std@@@std@@QAE?AU?$pair@V?$_Tree_iterator@V?$_Tree_val@V?$_Tmap_traits@PAVDownload@@PAU_NPStream@@U?$less@PAVDownload@@@std@@V?$allocator@U?$pair@QAVDownload@@PAU_NPStream@@@std@@@4@$0A@@std@@@std@@@std@@_N@2@PAU_Node@?$_Tree_nod@V?$_Tmap_traits@PAVDownload@@PAU_NPStream@@U?$less@PAVDownload@@@std@@V?$allocator@U?$pair@QAVDownload@@PAU_NPStream@@@std@@@4@$0A@@std@@@2@_N@Z 10003f50 f i DownloadManager.obj
 0001:00003013       ?_Insert@?$_Tree@V?$_Tmap_traits@V?$basic_string@DU?$char_traits@D@std@@V?$allocator@D@2@@std@@V?$list@PAVDownloaderNetscape@@V?$allocator@PAVDownloaderNetscape@@@std@@@2@U?$less@V?$basic_string@DU?$char_traits@D@std@@V?$allocator@D@2@@std@@@2@V?$allocator@U?$pair@$$CBV?$basic_string@DU?$char_traits@D@std@@V?$allocator@D@2@@std@@V?$list@PAVDownloaderNetscape@@V?$allocator@PAVDownloaderNetscape@@@std@@@2@@std@@@2@$0A@@std@@@std@@IAE?AV?$_Tree_iterator@V?$_Tree_val@V?$_Tmap_traits@V?$basic_string@DU?$char_traits@D@std@@V?$allocator@D@2@@std@@V?$list@PAVDownloaderNetscape@@V?$allocator@PAVDownloaderNetscape@@@std@@@2@U?$less@V?$basic_string@DU?$char_traits@D@std@@V?$allocator@D@2@@std@@@2@V?$allocator@U?$pair@$$CBV?$basic_string@DU?$char_traits@D@std@@V?$allocator@D@2@@std@@V?$list@PAVDownloaderNetscape@@V?$allocator@PAVDownloaderNetscape@@@std@@@2@@std@@@2@$0A@@std@@@std@@@2@_NPAU_Node@?$_Tree_nod@V?$_Tmap_traits@V?$basic_string@DU?$char_traits@D@std@@V?$allocator@D@2@@std@@V?$list@PAVDownloaderNetscape@@V?$allocator@PAVDownloaderNetscape@@@std@@@2@U?$less@V?$basic_string@DU?$char_traits@D@std@@V?$allocator@D@2@@std@@@2@V?$allocator@U?$pair@$$CBV?$basic_string@DU?$char_traits@D@std@@V?$allocator@D@2@@std@@V?$list@PAVDownloaderNetscape@@V?$allocator@PAVDownloaderNetscape@@@std@@@2@@std@@@2@$0A@@std@@@2@1@Z 10004013 f i DownloadManager.obj
 0001:00003138       ?_Insert@?$_Tree@V?$_Tmap_traits@V?$basic_string@DU?$char_traits@D@std@@V?$allocator@D@2@@std@@PAVCrossdomainPolicy@@U?$less@V?$basic_string@DU?$char_traits@D@std@@V?$allocator@D@2@@std@@@2@V?$allocator@U?$pair@$$CBV?$basic_string@DU?$char_traits@D@std@@V?$allocator@D@2@@std@@PAVCrossdomainPolicy@@@std@@@2@$0A@@std@@@std@@IAE?AV?$_Tree_iterator@V?$_Tree_val@V?$_Tmap_traits@V?$basic_string@DU?$char_traits@D@std@@V?$allocator@D@2@@std@@PAVCrossdomainPolicy@@U?$less@V?$basic_string@DU?$char_traits@D@std@@V?$allocator@D@2@@std@@@2@V?$allocator@U?$pair@$$CBV?$basic_string@DU?$char_traits@D@std@@V?$allocator@D@2@@std@@PAVCrossdomainPolicy@@@std@@@2@$0A@@std@@@std@@@2@_NPAU_Node@?$_Tree_nod@V?$_Tmap_traits@V?$basic_string@DU?$char_traits@D@std@@V?$allocator@D@2@@std@@PAVCrossdomainPolicy@@U?$less@V?$basic_string@DU?$char_traits@D@std@@V?$allocator@D@2@@std@@@2@V?$allocator@U?$pair@$$CBV?$basic_string@DU?$char_traits@D@std@@V?$allocator@D@2@@std@@PAVCrossdomainPolicy@@@std@@@2@$0A@@std@@@2@1@Z 10004138 f i DownloadManager.obj
 0001:0000325d       ?_Insert@?$_Tree@V?$_Tmap_traits@IPAVDownloaderNetscape@@U?$less@I@std@@V?$allocator@U?$pair@$$CBIPAVDownloaderNetscape@@@std@@@3@$0A@@std@@@std@@IAE?AV?$_Tree_iterator@V?$_Tree_val@V?$_Tmap_traits@IPAVDownloaderNetscape@@U?$less@I@std@@V?$allocator@U?$pair@$$CBIPAVDownloaderNetscape@@@std@@@3@$0A@@std@@@std@@@2@_NPAU_Node@?$_Tree_nod@V?$_Tmap_traits@IPAVDownloaderNetscape@@U?$less@I@std@@V?$allocator@U?$pair@$$CBIPAVDownloaderNetscape@@@std@@@3@$0A@@std@@@2@1@Z 1000425d f i DownloadManager.obj
 0001:00003381       ?_Insert@?$_Tree@V?$_Tmap_traits@PAVDownload@@PAU_NPStream@@U?$less@PAVDownload@@@std@@V?$allocator@U?$pair@QAVDownload@@PAU_NPStream@@@std@@@4@$0A@@std@@@std@@IAE?AV?$_Tree_iterator@V?$_Tree_val@V?$_Tmap_traits@PAVDownload@@PAU_NPStream@@U?$less@PAVDownload@@@std@@V?$allocator@U?$pair@QAVDownload@@PAU_NPStream@@@std@@@4@$0A@@std@@@std@@@2@_NPAU_Node@?$_Tree_nod@V?$_Tmap_traits@PAVDownload@@PAU_NPStream@@U?$less@PAVDownload@@@std@@V?$allocator@U?$pair@QAVDownload@@PAU_NPStream@@@std@@@4@$0A@@std@@@2@1@Z 10004381 f i DownloadManager.obj
 0001:000034a5       ??$_Buynode@U?$pair@IPAVDownloaderNetscape@@@std@@@?$_Tree_val@V?$_Tmap_traits@IPAVDownloaderNetscape@@U?$less@I@std@@V?$allocator@U?$pair@$$CBIPAVDownloaderNetscape@@@std@@@3@$0A@@std@@@std@@QAEPAU_Node@?$_Tree_nod@V?$_Tmap_traits@IPAVDownloaderNetscape@@U?$less@I@std@@V?$allocator@U?$pair@$$CBIPAVDownloaderNetscape@@@std@@@3@$0A@@std@@@1@$$QAU?$pair@IPAVDownloaderNetscape@@@1@@Z 100044a5 f i DownloadManager.obj
 0001:0000351b       ??$_Buynode@U?$pair@PAVDownloaderNetscape@@PAU_NPStream@@@std@@@?$_Tree_val@V?$_Tmap_traits@PAVDownload@@PAU_NPStream@@U?$less@PAVDownload@@@std@@V?$allocator@U?$pair@QAVDownload@@PAU_NPStream@@@std@@@4@$0A@@std@@@std@@QAEPAU_Node@?$_Tree_nod@V?$_Tmap_traits@PAVDownload@@PAU_NPStream@@U?$less@PAVDownload@@@std@@V?$allocator@U?$pair@QAVDownload@@PAU_NPStream@@@std@@@4@$0A@@std@@@1@$$QAU?$pair@PAVDownloaderNetscape@@PAU_NPStream@@@1@@Z 1000451b f i DownloadManager.obj
 0001:00003591       ??$_Buynode@U?$pair@$$CBV?$basic_string@DU?$char_traits@D@std@@V?$allocator@D@2@@std@@V?$list@PAVDownloaderNetscape@@V?$allocator@PAVDownloaderNetscape@@@std@@@2@@std@@@?$_Tree_val@V?$_Tmap_traits@V?$basic_string@DU?$char_traits@D@std@@V?$allocator@D@2@@std@@V?$list@PAVDownloaderNetscape@@V?$allocator@PAVDownloaderNetscape@@@std@@@2@U?$less@V?$basic_string@DU?$char_traits@D@std@@V?$allocator@D@2@@std@@@2@V?$allocator@U?$pair@$$CBV?$basic_string@DU?$char_traits@D@std@@V?$allocator@D@2@@std@@V?$list@PAVDownloaderNetscape@@V?$allocator@PAVDownloaderNetscape@@@std@@@2@@std@@@2@$0A@@std@@@std@@QAEPAU_Node@?$_Tree_nod@V?$_Tmap_traits@V?$basic_string@DU?$char_traits@D@std@@V?$allocator@D@2@@std@@V?$list@PAVDownloaderNetscape@@V?$allocator@PAVDownloaderNetscape@@@std@@@2@U?$less@V?$basic_string@DU?$char_traits@D@std@@V?$allocator@D@2@@std@@@2@V?$allocator@U?$pair@$$CBV?$basic_string@DU?$char_traits@D@std@@V?$allocator@D@2@@std@@V?$list@PAVDownloaderNetscape@@V?$allocator@PAVDownloaderNetscape@@@std@@@2@@std@@@2@$0A@@std@@@1@$$QAU?$pair@$$CBV?$basic_string@DU?$char_traits@D@std@@V?$allocator@D@2@@std@@V?$list@PAVDownloaderNetscape@@V?$allocator@PAVDownloaderNetscape@@@std@@@2@@1@@Z 10004591 f i DownloadManager.obj
 0001:00003603       ??$_Buynode@U?$pair@$$CBV?$basic_string@DU?$char_traits@D@std@@V?$allocator@D@2@@std@@PAVCrossdomainPolicy@@@std@@@?$_Tree_val@V?$_Tmap_traits@V?$basic_string@DU?$char_traits@D@std@@V?$allocator@D@2@@std@@PAVCrossdomainPolicy@@U?$less@V?$basic_string@DU?$char_traits@D@std@@V?$allocator@D@2@@std@@@2@V?$allocator@U?$pair@$$CBV?$basic_string@DU?$char_traits@D@std@@V?$allocator@D@2@@std@@PAVCrossdomainPolicy@@@std@@@2@$0A@@std@@@std@@QAEPAU_Node@?$_Tree_nod@V?$_Tmap_traits@V?$basic_string@DU?$char_traits@D@std@@V?$allocator@D@2@@std@@PAVCrossdomainPolicy@@U?$less@V?$basic_string@DU?$char_traits@D@std@@V?$allocator@D@2@@std@@@2@V?$allocator@U?$pair@$$CBV?$basic_string@DU?$char_traits@D@std@@V?$allocator@D@2@@std@@PAVCrossdomainPolicy@@@std@@@2@$0A@@std@@@1@$$QAU?$pair@$$CBV?$basic_string@DU?$char_traits@D@std@@V?$allocator@D@2@@std@@PAVCrossdomainPolicy@@@1@@Z 10004603 f i DownloadManager.obj
 0001:0000367a       ??$_Insert@V?$_List_const_iterator@V?$_List_val@VPortRange@@V?$allocator@VPortRange@@@std@@@std@@@std@@@?$list@VPortRange@@V?$allocator@VPortRange@@@std@@@std@@QAEXV?$_List_const_iterator@V?$_List_val@VPortRange@@V?$allocator@VPortRange@@@std@@@std@@@1@00Uforward_iterator_tag@1@@Z 1000467a f i DownloadManager.obj
 0001:00003731       ??$_Buynode@VPortRange@@@?$_List_val@VPortRange@@V?$allocator@VPortRange@@@std@@@std@@QAEPAU_Node@?$_List_nod@VPortRange@@V?$allocator@VPortRange@@@std@@@1@PAU231@0$$QAVPortRange@@@Z 10004731 f i DownloadManager.obj
 0001:00003731       ?_Buynode@?$_List_val@VPortRange@@V?$allocator@VPortRange@@@std@@@std@@QAEPAU_Node@?$_List_nod@VPortRange@@V?$allocator@VPortRange@@@std@@@2@PAU342@0ABVPortRange@@@Z 10004731 f i DownloadManager.obj
 0001:00003799       ??0?$list@PAVDownloaderNetscape@@V?$allocator@PAVDownloaderNetscape@@@std@@@std@@QAE@ABV01@@Z 10004799 f i DownloadManager.obj
 0001:00003803       ??$_Insert@V?$_List_const_iterator@V?$_List_val@PAVDownloaderNetscape@@V?$allocator@PAVDownloaderNetscape@@@std@@@std@@@std@@@?$list@PAVDownloaderNetscape@@V?$allocator@PAVDownloaderNetscape@@@std@@@std@@QAEXV?$_List_const_iterator@V?$_List_val@PAVDownloaderNetscape@@V?$allocator@PAVDownloaderNetscape@@@std@@@std@@@1@00Uforward_iterator_tag@1@@Z 10004803 f i DownloadManager.obj
 0001:00003879       ??$?0$$CBV?$basic_string@DU?$char_traits@D@std@@V?$allocator@D@2@@std@@V?$list@PAVDownloaderNetscape@@V?$allocator@PAVDownloaderNetscape@@@std@@@1@@?$pair@$$CBV?$basic_string@DU?$char_traits@D@std@@V?$allocator@D@2@@std@@V?$list@PAVDownloaderNetscape@@V?$allocator@PAVDownloaderNetscape@@@std@@@2@@std@@QAE@$$QAU01@@Z 10004879 f i DownloadManager.obj
 0001:000038d9       ?erase@?$list@PAVDownloaderNetscape@@V?$allocator@PAVDownloaderNetscape@@@std@@@std@@QAE?AV?$_List_iterator@V?$_List_val@PAVDownloaderNetscape@@V?$allocator@PAVDownloaderNetscape@@@std@@@std@@@2@V?$_List_const_iterator@V?$_List_val@PAVDownloaderNetscape@@V?$allocator@PAVDownloaderNetscape@@@std@@@std@@@2@@Z 100048d9 f i DownloadManager.obj
 0001:0000390c       ?_Splice_same@?$list@PAVDownloaderNetscape@@V?$allocator@PAVDownloaderNetscape@@@std@@@std@@QAEXV?$_List_const_iterator@V?$_List_val@PAVDownloaderNetscape@@V?$allocator@PAVDownloaderNetscape@@@std@@@std@@@2@AAV12@00I@Z 1000490c f i DownloadManager.obj
 0001:00003963       ??1ContextMenu@@QAE@XZ     10004963 f   ContextMenu.obj
 0001:000039a1       ?WindowProc@ContextMenu@@CGJPAUHWND__@@IIJ@Z 100049a1 f   ContextMenu.obj
 0001:00003c89       ??_GContextSubmenu@@QAEPAXI@Z 10004c89 f i ContextMenu.obj
 0001:00003cca       ??0ContextMenuWindowClass@@QAE@XZ 10004cca f   ContextMenuWindowClass.obj
 0001:00003d3c       ??0ContextSubmenu@@QAE@PBVContextMenu@@PAUHWND__@@@Z 10004d3c f   ContextSubmenu.obj
 0001:00003d7b       ??1ContextSubmenu@@QAE@XZ  10004d7b f   ContextSubmenu.obj
 0001:00003db7       ?ShowMenu@ContextSubmenu@@QBEXHH@Z 10004db7 f   ContextSubmenu.obj
 0001:00003de0       ?HideChildren@ContextSubmenu@@QAEXXZ 10004de0 f   ContextSubmenu.obj
 0001:00003e16       ?RedrawMenu@ContextSubmenu@@QBEXXZ 10004e16 f   ContextSubmenu.obj
 0001:00003e48       ?Initialize@ContextSubmenu@@QAEXPAUHMENU__@@@Z 10004e48 f   ContextSubmenu.obj
 0001:00004028       ?Update@ContextSubmenu@@AAEXXZ 10005028 f   ContextSubmenu.obj
 0001:000041f8       ?SelectAndRedraw@ContextSubmenu@@QAEXABUtagPOINT@@@Z 100051f8 f   ContextSubmenu.obj
 0001:00004268       ?OnPaint@ContextSubmenu@@ABEXPAUHDC__@@@Z 10005268 f   ContextSubmenu.obj
 0001:00004558       ??0?$basic_string@_WU?$char_traits@_W@std@@V?$allocator@_W@2@@std@@QAE@ABV01@@Z 10005558 f i ContextSubmenu.obj
 0001:00004580       ??1?$vector@UItem@ContextSubmenu@@V?$allocator@UItem@ContextSubmenu@@@std@@@std@@QAE@XZ 10005580 f i ContextSubmenu.obj
 0001:000045b5       ?reserve@?$vector@UItem@ContextSubmenu@@V?$allocator@UItem@ContextSubmenu@@@std@@@std@@QAEXI@Z 100055b5 f i ContextSubmenu.obj
 0001:00004688       ?assign@?$basic_string@_WU?$char_traits@_W@std@@V?$allocator@_W@2@@std@@QAEAAV12@ABV12@II@Z 10005688 f i ContextSubmenu.obj
 0001:00004723       ?_Tidy@?$basic_string@_WU?$char_traits@_W@std@@V?$allocator@_W@2@@std@@QAEX_NI@Z 10005723 f i ContextSubmenu.obj
 0001:0000476c       ?_Reserve@?$vector@UItem@ContextSubmenu@@V?$allocator@UItem@ContextSubmenu@@@std@@@std@@IAEXI@Z 1000576c f i ContextSubmenu.obj
 0001:000047c3       ?allocate@?$allocator@UItem@ContextSubmenu@@@std@@QAEPAUItem@ContextSubmenu@@I@Z 100057c3 f i ContextSubmenu.obj
 0001:0000480c       ?assign@?$basic_string@_WU?$char_traits@_W@std@@V?$allocator@_W@2@@std@@QAEAAV12@PB_WI@Z 1000580c f i ContextSubmenu.obj
 0001:0000488a       ?erase@?$basic_string@_WU?$char_traits@_W@std@@V?$allocator@_W@2@@std@@QAEAAV12@II@Z 1000588a f i ContextSubmenu.obj
 0001:00004909       ?_Grow@?$basic_string@_WU?$char_traits@_W@std@@V?$allocator@_W@2@@std@@QAE_NI_N@Z 10005909 f i ContextSubmenu.obj
 0001:00004972       ?_Copy@?$basic_string@_WU?$char_traits@_W@std@@V?$allocator@_W@2@@std@@QAEXII@Z 10005972 f i ContextSubmenu.obj
 0001:00004a7a       ?_Inside@?$basic_string@_WU?$char_traits@_W@std@@V?$allocator@_W@2@@std@@QAE_NPB_W@Z 10005a7a f i ContextSubmenu.obj
 0001:00004ab6       ??$for_each@V?$_Vector_iterator@V?$_Vector_val@UItem@ContextSubmenu@@V?$allocator@UItem@ContextSubmenu@@@std@@@std@@@std@@Udelete_child_submenus@@@std@@YA?AUdelete_child_submenus@@V?$_Vector_iterator@V?$_Vector_val@UItem@ContextSubmenu@@V?$allocator@UItem@ContextSubmenu@@@std@@@std@@@0@0U1@@Z 10005ab6 f i ContextSubmenu.obj
 0001:00004af9       ??$_Move@PAUItem@ContextSubmenu@@PAU12@@std@@YAPAUItem@ContextSubmenu@@PAU12@00@Z 10005af9 f i ContextSubmenu.obj
 0001:00004b60       ??$_Allocate@_W@std@@YAPA_WIPA_W@Z 10005b60 f i ContextSubmenu.obj
 0001:00004bac       ??0Item@ContextSubmenu@@QAE@ABU01@@Z 10005bac f i ContextSubmenu.obj
 0001:00004be5       ??$_Uninit_move@PAUItem@ContextSubmenu@@PAU12@V?$allocator@UItem@ContextSubmenu@@@std@@U12@@std@@YAPAUItem@ContextSubmenu@@PAU12@00AAV?$allocator@UItem@ContextSubmenu@@@0@0U_Nonscalar_ptr_iterator_tag@0@@Z 10005be5 f i ContextSubmenu.obj
 0001:00004c55       ?UT_Uninstall@@YGXPAUHWND__@@PB_W11@Z 10005c55 f   Uninstall.obj
 0001:00004c58       ?WriteReady@nsPluginInstanceBase@@UAEHPAU_NPStream@@@Z 10005c58 f i UnityWebPlayerPlugin.obj
 0001:00004c60       ?Print@nsPluginInstanceBase@@UAEXPAU_NPPrint@@@Z 10005c60 f i UnityWebPlayerPlugin.obj
 0001:00004c63       ?HandleEvent@nsPluginInstanceBase@@UAEGPAX@Z 10005c63 f i UnityWebPlayerPlugin.obj
 0001:00004c68       ?SetValue@nsPluginInstanceBase@@UAEFW4NPNVariable@@PAX@Z 10005c68 f i UnityWebPlayerPlugin.obj
 0001:00004c6d       ?GetMenuTitle@ShortChannelInfo@RevisionsQuery@@QBE?AV?$basic_string@DU?$char_traits@D@std@@V?$allocator@D@2@@std@@XZ 10005c6d f i UnityWebPlayerPlugin.obj
 0001:00004d17       _DllMain@12                10005d17 f   UnityWebPlayerPlugin.obj
 0001:00004d39       ?NS_PluginInitialize@@YAFXZ 10005d39 f   UnityWebPlayerPlugin.obj
 0001:00004df2       ?NS_PluginShutdown@@YAXXZ  10005df2 f   UnityWebPlayerPlugin.obj
 0001:00004e85       ?NS_NewPluginInstance@@YAPAVnsPluginInstanceBase@@PAUnsPluginCreateData@@@Z 10005e85 f   UnityWebPlayerPlugin.obj
 0001:00004ee3       ??0UnityWebPlayerPluginInstance@@QAE@PAUnsPluginCreateData@@@Z 10005ee3 f   UnityWebPlayerPlugin.obj
 0001:0000514b       ??1UnityWebPlayerPluginInstance@@QAE@XZ 1000614b f   UnityWebPlayerPlugin.obj
 0001:00005207       ?GetValue@UnityWebPlayerPluginInstance@@UAEFW4NPPVariable@@PAX@Z 10006207 f   UnityWebPlayerPlugin.obj
 0001:0000523c       ?InternalInitWindow@UnityWebPlayerPluginInstance@@AAEXPAUHWND__@@HH@Z 1000623c f   UnityWebPlayerPlugin.obj
 0001:000052d3       ?InternalCleanupWindow@UnityWebPlayerPluginInstance@@AAEXXZ 100062d3 f   UnityWebPlayerPlugin.obj
 0001:000052f0       ?init@UnityWebPlayerPluginInstance@@UAEEPAU_NPWindow@@@Z 100062f0 f   UnityWebPlayerPlugin.obj
 0001:00005347       ?shut@UnityWebPlayerPluginInstance@@UAEXXZ 10006347 f   UnityWebPlayerPlugin.obj
 0001:0000536f       ?isInitialized@UnityWebPlayerPluginInstance@@UAEEXZ 1000636f f   UnityWebPlayerPlugin.obj
 0001:00005376       ?SetWindow@UnityWebPlayerPluginInstance@@UAEFPAU_NPWindow@@@Z 10006376 f   UnityWebPlayerPlugin.obj
 0001:0000540c       ?PluginParentWindowProc@UnityWebPlayerPluginInstance@@CGJPAUHWND__@@IIJ@Z 1000640c f   UnityWebPlayerPlugin.obj
 0001:00005739       ?NewStream@UnityWebPlayerPluginInstance@@UAEFPADPAU_NPStream@@EPAG@Z 10006739 f   UnityWebPlayerPlugin.obj
 0001:00005787       ?Write@UnityWebPlayerPluginInstance@@UAEHPAU_NPStream@@HHPAX@Z 10006787 f   UnityWebPlayerPlugin.obj
 0001:000057ed       ?DestroyStream@UnityWebPlayerPluginInstance@@UAEFPAU_NPStream@@F@Z 100067ed f   UnityWebPlayerPlugin.obj
 0001:00005813       ?URLNotify@UnityWebPlayerPluginInstance@@UAEXPBDFPAX@Z 10006813 f   UnityWebPlayerPlugin.obj
 0001:00005857       ?URLRedirectNotify@UnityWebPlayerPluginInstance@@UAEXPBDHPAX@Z 10006857 f   UnityWebPlayerPlugin.obj
 0001:0000586b       ?Redraw@UnityWebPlayerPluginInstance@@AAEXXZ 1000686b f   UnityWebPlayerPlugin.obj
 0001:000058a4       ?PrepareDoubleBuffer@UnityWebPlayerPluginInstance@@AAEXPAUHDC__@@@Z 100068a4 f   UnityWebPlayerPlugin.obj
 0001:00005997       ?OnDestroy@UnityWebPlayerPluginInstance@@QAEXXZ 10006997 f   UnityWebPlayerPlugin.obj
 0001:00005a19       ?CheckError@UnityWebPlayerPluginInstance@@AAE_NXZ 10006a19 f   UnityWebPlayerPlugin.obj
 0001:00005a80       ?CheckRuntimeError@UnityWebPlayerPluginInstance@@AAE_NXZ 10006a80 f   UnityWebPlayerPlugin.obj
 0001:00005b20       ?Tick@UnityWebPlayerPluginInstance@@QAEXXZ 10006b20 f   UnityWebPlayerPlugin.obj
 0001:00005bc5       ?TickWrap@UnityWebPlayerPluginInstance@@AAEXXZ 10006bc5 f   UnityWebPlayerPlugin.obj
 0001:00005e83       ?OnDraw@UnityWebPlayerPluginInstance@@QAEXPAUHWND__@@PAUHDC__@@ABUtagRECT@@@Z 10006e83 f   UnityWebPlayerPlugin.obj
 0001:00006096       ?OnContextMenu@UnityWebPlayerPluginInstance@@QAEXHH@Z 10007096 f   UnityWebPlayerPlugin.obj
 0001:00006425       ??0?$basic_string@DU?$char_traits@D@std@@V?$allocator@D@2@@std@@QAE@PBDI@Z 10007425 f i UnityWebPlayerPlugin.obj
 0001:00006449       ??0?$basic_string@_WU?$char_traits@_W@std@@V?$allocator@_W@2@@std@@QAE@PB_W@Z 10007449 f i UnityWebPlayerPlugin.obj
 0001:0000647a       ??E?$_Tree_const_iterator@V?$_Tree_val@V?$_Tset_traits@UShortChannelInfo@RevisionsQuery@@U?$less@UShortChannelInfo@RevisionsQuery@@@std@@V?$allocator@UShortChannelInfo@RevisionsQuery@@@4@$0A@@std@@@std@@@std@@QAEAAV01@XZ 1000747a f i UnityWebPlayerPlugin.obj
 0001:000064b0       ??0?$_Tree@V?$_Tset_traits@UShortChannelInfo@RevisionsQuery@@U?$less@UShortChannelInfo@RevisionsQuery@@@std@@V?$allocator@UShortChannelInfo@RevisionsQuery@@@4@$0A@@std@@@std@@QAE@ABV01@@Z 100074b0 f i UnityWebPlayerPlugin.obj
 0001:0000655b       ?_Tidy@?$_Tree@V?$_Tset_traits@UShortChannelInfo@RevisionsQuery@@U?$less@UShortChannelInfo@RevisionsQuery@@@std@@V?$allocator@UShortChannelInfo@RevisionsQuery@@@4@$0A@@std@@@std@@IAEXXZ 1000755b f i UnityWebPlayerPlugin.obj
 0001:00006580       ??0?$_Tree_val@V?$_Tset_traits@UShortChannelInfo@RevisionsQuery@@U?$less@UShortChannelInfo@RevisionsQuery@@@std@@V?$allocator@UShortChannelInfo@RevisionsQuery@@@4@$0A@@std@@@std@@QAE@ABU?$less@UShortChannelInfo@RevisionsQuery@@@1@V?$allocator@UShortChannelInfo@RevisionsQuery@@@1@@Z 10007580 f i UnityWebPlayerPlugin.obj
 0001:000065ad       ?_Copy@?$_Tree@V?$_Tset_traits@UShortChannelInfo@RevisionsQuery@@U?$less@UShortChannelInfo@RevisionsQuery@@@std@@V?$allocator@UShortChannelInfo@RevisionsQuery@@@4@$0A@@std@@@std@@IAEPAU_Node@?$_Tree_nod@V?$_Tset_traits@UShortChannelInfo@RevisionsQuery@@U?$less@UShortChannelInfo@RevisionsQuery@@@std@@V?$allocator@UShortChannelInfo@RevisionsQuery@@@4@$0A@@std@@@2@PAU342@0@Z 100075ad f i UnityWebPlayerPlugin.obj
 0001:00006642       ?allocate@?$allocator@U_Node@?$_Tree_nod@V?$_Tset_traits@UShortChannelInfo@RevisionsQuery@@U?$less@UShortChannelInfo@RevisionsQuery@@@std@@V?$allocator@UShortChannelInfo@RevisionsQuery@@@4@$0A@@std@@@std@@@std@@QAEPAU_Node@?$_Tree_nod@V?$_Tset_traits@UShortChannelInfo@RevisionsQuery@@U?$less@UShortChannelInfo@RevisionsQuery@@@std@@V?$allocator@UShortChannelInfo@RevisionsQuery@@@4@$0A@@std@@@2@I@Z 10007642 f i UnityWebPlayerPlugin.obj
 0001:0000667a       ?_Erase@?$_Tree@V?$_Tset_traits@UShortChannelInfo@RevisionsQuery@@U?$less@UShortChannelInfo@RevisionsQuery@@@std@@V?$allocator@UShortChannelInfo@RevisionsQuery@@@4@$0A@@std@@@std@@IAEXPAU_Node@?$_Tree_nod@V?$_Tset_traits@UShortChannelInfo@RevisionsQuery@@U?$less@UShortChannelInfo@RevisionsQuery@@@std@@V?$allocator@UShortChannelInfo@RevisionsQuery@@@4@$0A@@std@@@2@@Z 1000767a f i UnityWebPlayerPlugin.obj
 0001:000066ba       ?_Lrotate@?$_Tree@V?$_Tset_traits@UShortChannelInfo@RevisionsQuery@@U?$less@UShortChannelInfo@RevisionsQuery@@@std@@V?$allocator@UShortChannelInfo@RevisionsQuery@@@4@$0A@@std@@@std@@IAEXPAU_Node@?$_Tree_nod@V?$_Tset_traits@UShortChannelInfo@RevisionsQuery@@U?$less@UShortChannelInfo@RevisionsQuery@@@std@@V?$allocator@UShortChannelInfo@RevisionsQuery@@@4@$0A@@std@@@2@@Z 100076ba f i UnityWebPlayerPlugin.obj
 0001:000066fd       ?_Rrotate@?$_Tree@V?$_Tset_traits@UShortChannelInfo@RevisionsQuery@@U?$less@UShortChannelInfo@RevisionsQuery@@@std@@V?$allocator@UShortChannelInfo@RevisionsQuery@@@4@$0A@@std@@@std@@IAEXPAU_Node@?$_Tree_nod@V?$_Tset_traits@UShortChannelInfo@RevisionsQuery@@U?$less@UShortChannelInfo@RevisionsQuery@@@std@@V?$allocator@UShortChannelInfo@RevisionsQuery@@@4@$0A@@std@@@2@@Z 100076fd f i UnityWebPlayerPlugin.obj
 0001:00006742       ??$?HDU?$char_traits@D@std@@V?$allocator@D@1@@std@@YA?AV?$basic_string@DU?$char_traits@D@std@@V?$allocator@D@2@@0@ABV10@PBD@Z 10007742 f i UnityWebPlayerPlugin.obj
 0001:00006799       ??$ConvertUTF8ToWideString@V?$basic_string@DU?$char_traits@D@std@@V?$allocator@D@2@@std@@V?$basic_string@_WU?$char_traits@_W@std@@V?$allocator@_W@2@@2@@@YAXABV?$basic_string@DU?$char_traits@D@std@@V?$allocator@D@2@@std@@AAV?$basic_string@_WU?$char_traits@_W@std@@V?$allocator@_W@2@@1@@Z 10007799 f i UnityWebPlayerPlugin.obj
 0001:000067cf       ??$?HDU?$char_traits@D@std@@V?$allocator@D@1@@std@@YA?AV?$basic_string@DU?$char_traits@D@std@@V?$allocator@D@2@@0@PBDABV10@@Z 100077cf f i UnityWebPlayerPlugin.obj
 0001:0000681a       ??$?8DU?$char_traits@D@std@@V?$allocator@D@1@@std@@YA_NABV?$basic_string@DU?$char_traits@D@std@@V?$allocator@D@2@@0@0@Z 1000781a f i UnityWebPlayerPlugin.obj
 0001:00006837       ??$_Buynode@UShortChannelInfo@RevisionsQuery@@@?$_Tree_val@V?$_Tset_traits@UShortChannelInfo@RevisionsQuery@@U?$less@UShortChannelInfo@RevisionsQuery@@@std@@V?$allocator@UShortChannelInfo@RevisionsQuery@@@4@$0A@@std@@@std@@QAEPAU_Node@?$_Tree_nod@V?$_Tset_traits@UShortChannelInfo@RevisionsQuery@@U?$less@UShortChannelInfo@RevisionsQuery@@@std@@V?$allocator@UShortChannelInfo@RevisionsQuery@@@4@$0A@@std@@@1@$$QAUShortChannelInfo@RevisionsQuery@@@Z 10007837 f i WebCommonLib:RevisionsQuery.obj
 0001:00006837       ??$_Buynode@AAUShortChannelInfo@RevisionsQuery@@@?$_Tree_val@V?$_Tset_traits@UShortChannelInfo@RevisionsQuery@@U?$less@UShortChannelInfo@RevisionsQuery@@@std@@V?$allocator@UShortChannelInfo@RevisionsQuery@@@4@$0A@@std@@@std@@QAEPAU_Node@?$_Tree_nod@V?$_Tset_traits@UShortChannelInfo@RevisionsQuery@@U?$less@UShortChannelInfo@RevisionsQuery@@@std@@V?$allocator@UShortChannelInfo@RevisionsQuery@@@4@$0A@@std@@@1@AAUShortChannelInfo@RevisionsQuery@@@Z 10007837 f i UnityWebPlayerPlugin.obj
 0001:000068a8       ?reserve@?$basic_string@DU?$char_traits@D@std@@V?$allocator@D@2@@std@@QAEXI@Z 100078a8 f i UnityWebPlayerPlugin.obj
 0001:000068df       ??$ChangeStringFormat@PBDV?$basic_string@_WU?$char_traits@_W@std@@V?$allocator@_W@2@@std@@Umulti_byte_to_wide@detail@@@detail@@YAXABQBDIAAV?$basic_string@_WU?$char_traits@_W@std@@V?$allocator@_W@2@@std@@Umulti_byte_to_wide@0@@Z 100078df f i UnityWebPlayerPlugin.obj
 0001:0000694e       ??1ShortChannelInfo@RevisionsQuery@@QAE@XZ 1000794e f i UnityWebPlayerPlugin.obj
 0001:00006972       ?resize@?$basic_string@_WU?$char_traits@_W@std@@V?$allocator@_W@2@@std@@QAEXI_W@Z 10007972 f i UnityWebPlayerPlugin.obj
 0001:00006998       ?append@?$basic_string@_WU?$char_traits@_W@std@@V?$allocator@_W@2@@std@@QAEAAV12@I_W@Z 10007998 f i UnityWebPlayerPlugin.obj
 0001:000069fa       ?_Chassign@?$basic_string@_WU?$char_traits@_W@std@@V?$allocator@_W@2@@std@@QAEXII_W@Z 100079fa f i UnityWebPlayerPlugin.obj
 0001:00006a39       ??$convert@V?$basic_string@_WU?$char_traits@_W@std@@V?$allocator@_W@2@@std@@@multi_byte_to_wide@detail@@QBEXPBDIAAV?$basic_string@_WU?$char_traits@_W@std@@V?$allocator@_W@2@@std@@@Z 10007a39 f i UnityWebPlayerPlugin.obj
 0001:00006a63       ??0ShortChannelInfo@RevisionsQuery@@QAE@ABU01@@Z 10007a63 f i UnityWebPlayerPlugin.obj
 0001:00006a8a       _wmemset                   10007a8a f i UnityWebPlayerPlugin.obj
 0001:00006ab4       _NP_Shutdown@0             10007ab4 f   np_entry.obj
 0001:00006b4d       _NP_Initialize@4           10007b4d f   np_entry.obj
 0001:00006be5       _NP_GetEntryPoints@4       10007be5 f   np_entry.obj
 0001:00006bf4       _NPP_New                   10007bf4 f   npp_gate.obj
 0001:00006c58       _NPP_Destroy               10007c58 f   npp_gate.obj
 0001:00006c88       _NPP_SetWindow             10007c88 f   npp_gate.obj
 0001:00006d20       _NPP_NewStream             10007d20 f   npp_gate.obj
 0001:00006d4d       _NPP_WriteReady            10007d4d f   npp_gate.obj
 0001:00006d6e       _NPP_Write                 10007d6e f   npp_gate.obj
 0001:00006d96       _NPP_DestroyStream         10007d96 f   npp_gate.obj
 0001:00006dbd       _NPP_StreamAsFile          10007dbd f   npp_gate.obj
 0001:00006dda       _NPP_Print                 10007dda f   npp_gate.obj
 0001:00006df4       _NPP_URLNotify             10007df4 f   npp_gate.obj
 0001:00006e14       _NPP_URLRedirectNotify     10007e14 f   npp_gate.obj
 0001:00006e34       _NPP_GetValue              10007e34 f   npp_gate.obj
 0001:00006e5b       _NPP_SetValue              10007e5b f   npp_gate.obj
 0001:00006e82       _NPP_HandleEvent           10007e82 f   npp_gate.obj
 0001:00006ea0       ?NetscapeStartNaturalDownload@@YAPAVDownload@@AAU_NPStream@@AAVLogger@@@Z 10007ea0 f   DownloadNetscape.obj
 0001:00006f4e       ?OnNetscapeNewStream@@YAFPADPAU_NPStream@@EPAG@Z 10007f4e f   DownloadNetscape.obj
 0001:00006fe7       ?OnNetscapeDestroyStream@@YAFPAU_NPStream@@F@Z 10007fe7 f   DownloadNetscape.obj
 0001:0000706a       ?OnNetscapeURLRedirectNotify@@YAXPBDIPAX@Z 1000806a f   DownloadNetscape.obj
 0001:000070e8       ?NetscapeSetupProgressParams@@YAXAAVPluginInstance@@PAU_NPP@@FQAPAD2@Z 100080e8 f   DownloadNetscape.obj
 0001:0000721d       ?GetBoolValue@?A0x63a28605@@YA_NPBD@Z 1000821d f i DownloadNetscape.obj
 0001:0000725e       ?NetscapeParseEmbedParameters@@YAXAAVPluginInstance@@FQAPAD1@Z 1000825e f   DownloadNetscape.obj
 0001:0000741c       ??0VariantValue@@QAE@XZ    1000841c f i NetscapeScriptablePlugin.obj
 0001:00007433       ??0VariantValue@@QAE@ABU0@@Z 10008433 f i NetscapeScriptablePlugin.obj
 0001:0000746d       ?pluginHasMethod@@YA_NPAUNPObject@@PAX@Z 1000846d f   NetscapeScriptablePlugin.obj
 0001:0000748e       ?pluginGetProperty@@YA_NPAUNPObject@@PAXPAU_NPVariant@@@Z 1000848e f   NetscapeScriptablePlugin.obj
 0001:0000749f       ?pluginSetProperty@@YA_NPAUNPObject@@PAXPBU_NPVariant@@@Z 1000849f f   NetscapeScriptablePlugin.obj
 0001:000074a2       ?pluginRemoveProperty@@YA_NPAUNPObject@@PAX@Z 100084a2 f   NetscapeScriptablePlugin.obj
 0001:000074a2       ?pluginHasProperty@@YA_NPAUNPObject@@PAX@Z 100084a2 f   NetscapeScriptablePlugin.obj
 0001:00007759       ?pluginInvoke@@YA_NPAUNPObject@@PAXPBU_NPVariant@@IPAU2@@Z 10008759 f   NetscapeScriptablePlugin.obj
 0001:000079e6       ?pluginInvokeDefault@@YA_NPAUNPObject@@PBU_NPVariant@@IPAU2@@Z 100089e6 f   NetscapeScriptablePlugin.obj
 0001:000079f3       ?pluginAllocate@@YAPAUNPObject@@PAU_NPP@@PAUNPClass@@@Z 100089f3 f   NetscapeScriptablePlugin.obj
 0001:00007a3f       ?pluginDeallocate@@YAXPAUNPObject@@@Z 10008a3f f   NetscapeScriptablePlugin.obj
 0001:00007a48       ?GetPluginPageURLFromDOM@NetscapeScriptablePlugin@@SA?AV?$basic_string@DU?$char_traits@D@std@@V?$allocator@D@2@@std@@PAU_NPP@@AAVLogger@@@Z 10008a48 f   NetscapeScriptablePlugin.obj
 0001:00007bb5       ?ProcessExternalCalls@NetscapeScriptablePlugin@@SAXPAU_NPP@@ABV?$basic_string@DU?$char_traits@D@std@@V?$allocator@D@2@@std@@@Z 10008bb5 f   NetscapeScriptablePlugin.obj
 0001:00007c2b       ?push_back@?$vector@UVariantValue@@V?$allocator@UVariantValue@@@std@@@std@@QAEX$$QAUVariantValue@@@Z 10008c2b f i NetscapeScriptablePlugin.obj
 0001:00007c80       ?replace@?$basic_string@DU?$char_traits@D@std@@V?$allocator@D@2@@std@@QAEAAV12@IIABV12@II@Z 10008c80 f i NetscapeScriptablePlugin.obj
 0001:00007f09       ?_Reserve@?$vector@UVariantValue@@V?$allocator@UVariantValue@@@std@@@std@@IAEXI@Z 10008f09 f i NetscapeScriptablePlugin.obj
 0001:00007f60       ?reserve@?$vector@UVariantValue@@V?$allocator@UVariantValue@@@std@@@std@@QAEXI@Z 10008f60 f i NetscapeScriptablePlugin.obj
 0001:0000801a       ?_Destroy@?$vector@UVariantValue@@V?$allocator@UVariantValue@@@std@@@std@@IAEXPAUVariantValue@@0@Z 1000901a f i NetscapeScriptablePlugin.obj
 0001:00008045       ?allocate@?$allocator@UVariantValue@@@std@@QAEPAUVariantValue@@I@Z 10009045 f i NetscapeScriptablePlugin.obj
 0001:0000808e       ??$_Uninit_move@PAUVariantValue@@PAU1@V?$allocator@UVariantValue@@@std@@U1@@std@@YAPAUVariantValue@@PAU1@00AAV?$allocator@UVariantValue@@@0@0U_Nonscalar_ptr_iterator_tag@0@@Z 1000908e f i NetscapeScriptablePlugin.obj
 0001:00008110       ??_GDownloaderNetscape@@UAEPAXI@Z 10009110 f i DownloadManager.obj
 0001:00008110       ??_GDownload@@UAEPAXI@Z    10009110 f i WebCommonLib:Download.obj
 0001:00008110       ??_EDownload@@UAEPAXI@Z    10009110 f i  CIL library: CIL module
 0001:00008110       ??_EDownloaderNetscape@@UAEPAXI@Z 10009110 f i  CIL library: CIL module
 0001:0000812f       ??1Download@@UAE@XZ        1000912f f   WebCommonLib:Download.obj
 0001:0000815a       ?Append@Download@@QAEXPBXI@Z 1000915a f   WebCommonLib:Download.obj
 0001:000081e6       ?HandleExternalDownloadComplete@Download@@QAEXXZ 100091e6 f   WebCommonLib:Download.obj
 0001:00008211       ??0Mutex@@QAE@XZ           10009211 f   WebCommonLib:Mutex.obj
 0001:00008229       ??0AutoLock@SystemWideMutex@@QAE@AAV1@M@Z 10009229 f i WebCommonLib:PluginManager.obj
 0001:00008279       ??1UpdaterProxy@@QAE@XZ    10009279 f i WebCommonLib:PluginManager.obj
 0001:0000830f       ?ConvertSeparatorsToWindows@@YAXAAV?$basic_string@DU?$char_traits@D@std@@V?$allocator@D@2@@std@@@Z 1000930f f i WebCommonLib:PluginManager.obj
 0001:00008342       ?ConvertWindowsPathName@@YAXPB_WAAV?$basic_string@DU?$char_traits@D@std@@V?$allocator@D@2@@std@@@Z 10009342 f i WebCommonLib:PluginManager.obj
 0001:0000847c       ??0Timer@?A0xcd4663a9@@QAE@G@Z 1000947c f i WebCommonLib:PluginManager.obj
 0001:00008525       ?AddPlugin@Timer@?A0xcd4663a9@@QAEXPAVUnityWebPlayerPluginInstance@@@Z 10009525 f i WebCommonLib:PluginManager.obj
 0001:000085b3       ?RemovePlugin@Timer@?A0xcd4663a9@@QAE_NPAVUnityWebPlayerPluginInstance@@@Z 100095b3 f i WebCommonLib:PluginManager.obj
 0001:00008621       ?DestroyTimerWindow@Timer@?A0xcd4663a9@@QAEXXZ 10009621 f i WebCommonLib:PluginManager.obj
 0001:00008691       ?Tick@Timer@?A0xcd4663a9@@CGXPAXE@Z 10009691 f i WebCommonLib:PluginManager.obj
 0001:00008736       ?ComparePlugins@Timer@?A0xcd4663a9@@CA_NPAVUnityWebPlayerPluginInstance@@0@Z 10009736 f i WebCommonLib:PluginManager.obj
 0001:00008766       ?WindowProc@Timer@?A0xcd4663a9@@CGJPAUHWND__@@IIJ@Z 10009766 f i WebCommonLib:PluginManager.obj
 0001:000088e7       ??0WindowsTimerManager@?A0xcd4663a9@@IAE@XZ 100098e7 f i WebCommonLib:PluginManager.obj
 0001:00008961       ?CleanupPluginImpl@WindowsTimerManager@?A0xcd4663a9@@CAXAAU?$pair@$$CBKPAVTimer@?A0xcd4663a9@@@std@@@Z 10009961 f i WebCommonLib:PluginManager.obj
 0001:000089a6       ?AddPlugin@WindowsTimerManager@?A0xcd4663a9@@AAEXKPAVUnityWebPlayerPluginInstance@@@Z 100099a6 f i WebCommonLib:PluginManager.obj
 0001:00008a19       ??_GWindowsTimerManager@?A0xcd4663a9@@IAEPAXI@Z 10009a19 f i WebCommonLib:PluginManager.obj
 0001:00008a82       ?RemovePlugin@WindowsTimerManager@?A0xcd4663a9@@SAXPAVUnityWebPlayerPluginInstance@@@Z 10009a82 f   WebCommonLib:PluginManager.obj
 0001:00008ae3       ?GetDefaultReleaseChannel@PluginManager@@QBE?AV?$basic_string@DU?$char_traits@D@std@@V?$allocator@D@2@@std@@XZ 10009ae3 f   WebCommonLib:PluginManager.obj
 0001:00008b32       ?GetDevelopmentPlayer@PluginManager@@QBE_NXZ 10009b32 f   WebCommonLib:PluginManager.obj
 0001:00008ba2       ?OnCrashCallback@PluginManager@@SAXPBD@Z 10009ba2 f   WebCommonLib:PluginManager.obj
 0001:00008c67       ?IsAdminPath@PluginManager@@AAE_NABV?$basic_string@DU?$char_traits@D@std@@V?$allocator@D@2@@std@@@Z 10009c67 f   WebCommonLib:PluginManager.obj
 0001:00008d14       ??0PluginManager@@AAE@XZ   10009d14 f   WebCommonLib:PluginManager.obj
 0001:00009454       ??1PluginManager@@AAE@XZ   1000a454 f   WebCommonLib:PluginManager.obj
 0001:00009595       ??_GLogger@@QAEPAXI@Z      1000a595 f i WebCommonLib:PluginManager.obj
 0001:000095bb       ?AddPlugin@PluginManager@@QAEXAAVPluginInstance@@@Z 1000a5bb f   WebCommonLib:PluginManager.obj
 0001:0000969d       ?RemovePlugin@PluginManager@@QAEXAAVPluginInstance@@@Z 1000a69d f   WebCommonLib:PluginManager.obj
 0001:000097cb       ?DeleteTempFiles@PluginManager@@QAEX_N@Z 1000a7cb f   WebCommonLib:PluginManager.obj
 0001:00009868       ?GetInstalledRevision@PluginManager@@QAEHW4BundleID@@ABV?$basic_string@DU?$char_traits@D@std@@V?$allocator@D@2@@std@@1PAV34@@Z 1000a868 f   WebCommonLib:PluginManager.obj
 0001:00009955       ?GetTemporaryPathRevision@PluginManager@@QAEHABV?$basic_string@DU?$char_traits@D@std@@V?$allocator@D@2@@std@@W4BundleID@@0@Z 1000a955 f   WebCommonLib:PluginManager.obj
 0001:0000999a       ?GetRevisionFromPath@PluginManager@@CAHABV?$basic_string@DU?$char_traits@D@std@@V?$allocator@D@2@@std@@PAV23@@Z 1000a99a f   WebCommonLib:PluginManager.obj
 0001:00009ae6       ?ApplySelfUpdate@PluginManager@@AAE?AW4UpdateResult@1@PBEIAAUUpdateInfo@1@PAUHWND__@@@Z 1000aae6 f   WebCommonLib:PluginManager.obj
 0001:00009d46       ?ApplyUpdate@PluginManager@@AAE?AW4UpdateResult@1@PBEIW4BundleID@@ABV?$basic_string@DU?$char_traits@D@std@@V?$allocator@D@2@@std@@AAUUpdateInfo@1@PAUHWND__@@@Z 1000ad46 f   WebCommonLib:PluginManager.obj
 0001:00009fd4       ?DoneWithUpdates@PluginManager@@QAEXXZ 1000afd4 f   WebCommonLib:PluginManager.obj
 0001:0000a00c       ?GetHomePath@PluginManager@@CA?AV?$basic_string@DU?$char_traits@D@std@@V?$allocator@D@2@@std@@XZ 1000b00c f   WebCommonLib:PluginManager.obj
 0001:0000a07f       ?GetHomePath@PluginManager@@CA?AV?$basic_string@DU?$char_traits@D@std@@V?$allocator@D@2@@std@@PAUHKEY__@@@Z 1000b07f f   WebCommonLib:PluginManager.obj
 0001:0000a0f8       ?GetDefaultUserHomePath@PluginManager@@CA?AV?$basic_string@DU?$char_traits@D@std@@V?$allocator@D@2@@std@@XZ 1000b0f8 f   WebCommonLib:PluginManager.obj
 0001:0000a1ce       ?GetDefaultOldUserHomePath@PluginManager@@CA?AV?$basic_string@DU?$char_traits@D@std@@V?$allocator@D@2@@std@@XZ 1000b1ce f   WebCommonLib:PluginManager.obj
 0001:0000a224       ?CheckBundleExistsInUserLocation@PluginManager@@ABE_NW4BundleID@@ABV?$basic_string@DU?$char_traits@D@std@@V?$allocator@D@2@@std@@_N1@Z 1000b224 f   WebCommonLib:PluginManager.obj
 0001:0000a30d       ?CreateUpdaterProxy@PluginManager@@AAE_NXZ 1000b30d f   WebCommonLib:PluginManager.obj
 0001:0000a474       ?GetInstalledPath@PluginManager@@QBE?AV?$basic_string@DU?$char_traits@D@std@@V?$allocator@D@2@@std@@W4BundleID@@ABV23@1HPAW4LocationType@1@@Z 1000b474 f   WebCommonLib:PluginManager.obj
 0001:0000a60b       ?OnUpdateDownloadProcessing@PluginManager@@AAEXAAUUpdateInfo@1@@Z 1000b60b f   WebCommonLib:PluginManager.obj
 0001:0000a6a1       ?Tick@PluginManager@@QAEXPAUHWND__@@@Z 1000b6a1 f   WebCommonLib:PluginManager.obj
 0001:0000a850       ?Log@PluginManager@@QAAXPBDZZ 1000b850 f   WebCommonLib:PluginManager.obj
 0001:0000a869       ?erase@?$_Tree@V?$_Tmap_traits@IW4UpdateStatus@UpdaterProxy@@U?$less@I@std@@V?$allocator@U?$pair@$$CBIW4UpdateStatus@UpdaterProxy@@@std@@@4@$0A@@std@@@std@@QAEIABI@Z 1000b869 f i WebCommonLib:PluginManager.obj
 0001:0000a907       ?Free@?$ResourcePtr@VUpdaterProxy@@@@QAEXXZ 1000b907 f i WebCommonLib:PluginManager.obj
 0001:0000a924       ?push_back@?$vector@PAVPluginInstance@@V?$allocator@PAVPluginInstance@@@std@@@std@@QAEX$$QAPAVPluginInstance@@@Z 1000b924 f i WebCommonLib:PluginManager.obj
 0001:0000a970       ??1?$vector@UUpdateInfo@PluginManager@@V?$allocator@UUpdateInfo@PluginManager@@@std@@@std@@QAE@XZ 1000b970 f i WebCommonLib:PluginManager.obj
 0001:0000a992       ?push_back@?$vector@UUpdateInfo@PluginManager@@V?$allocator@UUpdateInfo@PluginManager@@@std@@@std@@QAEXABUUpdateInfo@PluginManager@@@Z 1000b992 f i WebCommonLib:PluginManager.obj
 0001:0000a9e6       ?erase@?$vector@UUpdateInfo@PluginManager@@V?$allocator@UUpdateInfo@PluginManager@@@std@@@std@@QAE?AV?$_Vector_iterator@V?$_Vector_val@UUpdateInfo@PluginManager@@V?$allocator@UUpdateInfo@PluginManager@@@std@@@std@@@2@V?$_Vector_const_iterator@V?$_Vector_val@UUpdateInfo@PluginManager@@V?$allocator@UUpdateInfo@PluginManager@@@std@@@std@@@2@@Z 1000b9e6 f i WebCommonLib:PluginManager.obj
 0001:0000aa5e       ?Free@?$ResourcePtr@VPipeRoot@@@@QAEXXZ 1000ba5e f i WebCommonLib:PluginManager.obj
 0001:0000aa8d       ?erase@?$_Tree@V?$_Tmap_traits@IW4UpdateStatus@UpdaterProxy@@U?$less@I@std@@V?$allocator@U?$pair@$$CBIW4UpdateStatus@UpdaterProxy@@@std@@@4@$0A@@std@@@std@@QAE?AV?$_Tree_iterator@V?$_Tree_val@V?$_Tmap_traits@IW4UpdateStatus@UpdaterProxy@@U?$less@I@std@@V?$allocator@U?$pair@$$CBIW4UpdateStatus@UpdaterProxy@@@std@@@4@$0A@@std@@@std@@@2@V?$_Tree_const_iterator@V?$_Tree_val@V?$_Tmap_traits@IW4UpdateStatus@UpdaterProxy@@U?$less@I@std@@V?$allocator@U?$pair@$$CBIW4UpdateStatus@UpdaterProxy@@@std@@@4@$0A@@std@@@std@@@2@0@Z 1000ba8d f i WebCommonLib:PluginManager.obj
 0001:0000aadc       ?_Reserve@?$vector@PAVDownload@@V?$allocator@PAVDownload@@@std@@@std@@IAEXI@Z 1000badc f i WebCommonLib:PluginInstance.obj
 0001:0000aadc       ?_Reserve@?$vector@PAVUnityWebPlayerPluginInstance@@V?$allocator@PAVUnityWebPlayerPluginInstance@@@std@@@std@@IAEXI@Z 1000badc f i WebCommonLib:PluginManager.obj
 0001:0000aadc       ?_Reserve@?$vector@PAVPluginInstance@@V?$allocator@PAVPluginInstance@@@std@@@std@@IAEXI@Z 1000badc f i WebCommonLib:PluginManager.obj
 0001:0000ab2b       ?_Destroy@?$vector@UUpdateInfo@PluginManager@@V?$allocator@UUpdateInfo@PluginManager@@@std@@@std@@IAEXPAUUpdateInfo@PluginManager@@0@Z 1000bb2b f i WebCommonLib:PluginManager.obj
 0001:0000ab5e       ?_Reserve@?$vector@UUpdateInfo@PluginManager@@V?$allocator@UUpdateInfo@PluginManager@@@std@@@std@@IAEXI@Z 1000bb5e f i WebCommonLib:PluginManager.obj
 0001:0000abb5       ?_Lrotate@?$_Tree@V?$_Tmap_traits@IW4UpdateStatus@UpdaterProxy@@U?$less@I@std@@V?$allocator@U?$pair@$$CBIW4UpdateStatus@UpdaterProxy@@@std@@@4@$0A@@std@@@std@@IAEXPAU_Node@?$_Tree_nod@V?$_Tmap_traits@IW4UpdateStatus@UpdaterProxy@@U?$less@I@std@@V?$allocator@U?$pair@$$CBIW4UpdateStatus@UpdaterProxy@@@std@@@4@$0A@@std@@@2@@Z 1000bbb5 f i WebCommonLib:PluginManager.obj
 0001:0000abb5       ?_Lrotate@?$_Tree@V?$_Tmap_traits@KPAVTimer@?A0xcd4663a9@@U?$less@K@std@@V?$allocator@U?$pair@$$CBKPAVTimer@?A0xcd4663a9@@@std@@@4@$0A@@std@@@std@@IAEXPAU_Node@?$_Tree_nod@V?$_Tmap_traits@KPAVTimer@?A0xcd4663a9@@U?$less@K@std@@V?$allocator@U?$pair@$$CBKPAVTimer@?A0xcd4663a9@@@std@@@4@$0A@@std@@@2@@Z 1000bbb5 f i WebCommonLib:PluginManager.obj
 0001:0000abf8       ?_Rrotate@?$_Tree@V?$_Tmap_traits@IW4UpdateStatus@UpdaterProxy@@U?$less@I@std@@V?$allocator@U?$pair@$$CBIW4UpdateStatus@UpdaterProxy@@@std@@@4@$0A@@std@@@std@@IAEXPAU_Node@?$_Tree_nod@V?$_Tmap_traits@IW4UpdateStatus@UpdaterProxy@@U?$less@I@std@@V?$allocator@U?$pair@$$CBIW4UpdateStatus@UpdaterProxy@@@std@@@4@$0A@@std@@@2@@Z 1000bbf8 f i WebCommonLib:PluginManager.obj
 0001:0000abf8       ?_Rrotate@?$_Tree@V?$_Tmap_traits@KPAVTimer@?A0xcd4663a9@@U?$less@K@std@@V?$allocator@U?$pair@$$CBKPAVTimer@?A0xcd4663a9@@@std@@@4@$0A@@std@@@std@@IAEXPAU_Node@?$_Tree_nod@V?$_Tmap_traits@KPAVTimer@?A0xcd4663a9@@U?$less@K@std@@V?$allocator@U?$pair@$$CBKPAVTimer@?A0xcd4663a9@@@std@@@4@$0A@@std@@@2@@Z 1000bbf8 f i WebCommonLib:PluginManager.obj
 0001:0000ac3d       ?erase@?$_Tree@V?$_Tmap_traits@IW4UpdateStatus@UpdaterProxy@@U?$less@I@std@@V?$allocator@U?$pair@$$CBIW4UpdateStatus@UpdaterProxy@@@std@@@4@$0A@@std@@@std@@QAE?AV?$_Tree_iterator@V?$_Tree_val@V?$_Tmap_traits@IW4UpdateStatus@UpdaterProxy@@U?$less@I@std@@V?$allocator@U?$pair@$$CBIW4UpdateStatus@UpdaterProxy@@@std@@@4@$0A@@std@@@std@@@2@V?$_Tree_const_iterator@V?$_Tree_val@V?$_Tmap_traits@IW4UpdateStatus@UpdaterProxy@@U?$less@I@std@@V?$allocator@U?$pair@$$CBIW4UpdateStatus@UpdaterProxy@@@std@@@4@$0A@@std@@@std@@@2@@Z 1000bc3d f i WebCommonLib:PluginManager.obj
 0001:0000ac3d       ?erase@?$_Tree@V?$_Tmap_traits@KPAVTimer@?A0xcd4663a9@@U?$less@K@std@@V?$allocator@U?$pair@$$CBKPAVTimer@?A0xcd4663a9@@@std@@@4@$0A@@std@@@std@@QAE?AV?$_Tree_iterator@V?$_Tree_val@V?$_Tmap_traits@KPAVTimer@?A0xcd4663a9@@U?$less@K@std@@V?$allocator@U?$pair@$$CBKPAVTimer@?A0xcd4663a9@@@std@@@4@$0A@@std@@@std@@@2@V?$_Tree_const_iterator@V?$_Tree_val@V?$_Tmap_traits@KPAVTimer@?A0xcd4663a9@@U?$less@K@std@@V?$allocator@U?$pair@$$CBKPAVTimer@?A0xcd4663a9@@@std@@@4@$0A@@std@@@std@@@2@@Z 1000bc3d f i WebCommonLib:PluginManager.obj
 0001:0000ae92       ?clear@?$_Tree@V?$_Tmap_traits@IW4UpdateStatus@UpdaterProxy@@U?$less@I@std@@V?$allocator@U?$pair@$$CBIW4UpdateStatus@UpdaterProxy@@@std@@@4@$0A@@std@@@std@@QAEXXZ 1000be92 f i WebCommonLib:PluginManager.obj
 0001:0000ae92       ?clear@?$_Tree@V?$_Tmap_traits@KPAVTimer@?A0xcd4663a9@@U?$less@K@std@@V?$allocator@U?$pair@$$CBKPAVTimer@?A0xcd4663a9@@@std@@@4@$0A@@std@@@std@@QAEXXZ 1000be92 f i WebCommonLib:PluginManager.obj
 0001:0000aeb7       ?clear@?$list@V?$ResourcePtr@VUpdateOperation@UpdaterProxy@@@@V?$allocator@V?$ResourcePtr@VUpdateOperation@UpdaterProxy@@@@@std@@@std@@QAEXXZ 1000beb7 f i WebCommonLib:PluginManager.obj
 0001:0000aeef       ?reserve@?$vector@PAVDownload@@V?$allocator@PAVDownload@@@std@@@std@@QAEXI@Z 1000beef f i WebCommonLib:PluginInstance.obj
 0001:0000aeef       ?reserve@?$vector@PAVPluginInstance@@V?$allocator@PAVPluginInstance@@@std@@@std@@QAEXI@Z 1000beef f i WebCommonLib:PluginManager.obj
 0001:0000aeef       ?reserve@?$vector@PAVUnityWebPlayerPluginInstance@@V?$allocator@PAVUnityWebPlayerPluginInstance@@@std@@@std@@QAEXI@Z 1000beef f i WebCommonLib:PluginManager.obj
 0001:0000af95       ?reserve@?$vector@UUpdateInfo@PluginManager@@V?$allocator@UUpdateInfo@PluginManager@@@std@@@std@@QAEXI@Z 1000bf95 f i WebCommonLib:PluginManager.obj
 0001:0000b04f       ?_Chassign@?$basic_string@DU?$char_traits@D@std@@V?$allocator@D@2@@std@@QAEXIID@Z 1000c04f f i WebCommonLib:PluginManager.obj
 0001:0000b08b       ?allocate@?$allocator@PAVUnityWebPlayerPluginInstance@@@std@@QAEPAPAVUnityWebPlayerPluginInstance@@I@Z 1000c08b f i WebCommonLib:PluginManager.obj
 0001:0000b08b       ?allocate@?$allocator@PAVDownload@@@std@@QAEPAPAVDownload@@I@Z 1000c08b f i WebCommonLib:PluginInstance.obj
 0001:0000b08b       ?allocate@?$allocator@PAVPluginInstance@@@std@@QAEPAPAVPluginInstance@@I@Z 1000c08b f i WebCommonLib:PluginManager.obj
 0001:0000b0d6       ?allocate@?$allocator@UUpdateInfo@PluginManager@@@std@@QAEPAUUpdateInfo@PluginManager@@I@Z 1000c0d6 f i WebCommonLib:PluginManager.obj
 0001:0000b11f       ??$ChangeStringFormat@PB_WV?$basic_string@DU?$char_traits@D@std@@V?$allocator@D@2@@std@@Uwide_to_multi_byte@detail@@@detail@@YAXABQB_WIAAV?$basic_string@DU?$char_traits@D@std@@V?$allocator@D@2@@std@@Uwide_to_multi_byte@0@@Z 1000c11f f i WebCommonLib:PluginManager.obj
 0001:0000b188       ??$?HDU?$char_traits@D@std@@V?$allocator@D@1@@std@@YA?AV?$basic_string@DU?$char_traits@D@std@@V?$allocator@D@2@@0@PBD$$QAV10@@Z 1000c188 f i WebCommonLib:PluginManager.obj
 0001:0000b1ae       ??$?HDU?$char_traits@D@std@@V?$allocator@D@1@@std@@YA?AV?$basic_string@DU?$char_traits@D@std@@V?$allocator@D@2@@0@$$QAV10@PBD@Z 1000c1ae f i WebCommonLib:PluginManager.obj
 0001:0000b1d4       ??$?HDU?$char_traits@D@std@@V?$allocator@D@1@@std@@YA?AV?$basic_string@DU?$char_traits@D@std@@V?$allocator@D@2@@0@$$QAV10@ABV10@@Z 1000c1d4 f i WebCommonLib:PluginManager.obj
 0001:0000b1f4       ??$?HDU?$char_traits@D@std@@V?$allocator@D@1@@std@@YA?AV?$basic_string@DU?$char_traits@D@std@@V?$allocator@D@2@@0@ABV10@0@Z 1000c1f4 f i WebCommonLib:PluginManager.obj
 0001:0000b22b       ?insert@?$basic_string@DU?$char_traits@D@std@@V?$allocator@D@2@@std@@QAEAAV12@IABV12@II@Z 1000c22b f i WebCommonLib:PluginManager.obj
 0001:0000b347       ?insert@?$basic_string@DU?$char_traits@D@std@@V?$allocator@D@2@@std@@QAEAAV12@IPBDI@Z 1000c347 f i WebCommonLib:PluginManager.obj
 0001:0000b3ff       ?resize@?$basic_string@DU?$char_traits@D@std@@V?$allocator@D@2@@std@@QAEXID@Z 1000c3ff f i WebCommonLib:PluginManager.obj
 0001:0000b425       ?append@?$basic_string@DU?$char_traits@D@std@@V?$allocator@D@2@@std@@QAEAAV12@ID@Z 1000c425 f i WebCommonLib:PluginManager.obj
 0001:0000b485       ??$convert@V?$basic_string@DU?$char_traits@D@std@@V?$allocator@D@2@@std@@@wide_to_multi_byte@detail@@QBEXPB_WIAAV?$basic_string@DU?$char_traits@D@std@@V?$allocator@D@2@@std@@@Z 1000c485 f i WebCommonLib:PluginManager.obj
 0001:0000b4b1       ??$ConvertWideToUTF8String@V?$basic_string@DU?$char_traits@D@std@@V?$allocator@D@2@@std@@@@YAXPB_WAAV?$basic_string@DU?$char_traits@D@std@@V?$allocator@D@2@@std@@@Z 1000c4b1 f i WebCommonLib:PluginManager.obj
 0001:0000b4ed       ??$_Sort@PAPAVUnityWebPlayerPluginInstance@@HP6A_NPAV1@0@Z@std@@YAXPAPAVUnityWebPlayerPluginInstance@@0HP6A_NPAV1@1@Z@Z 1000c4ed f i WebCommonLib:PluginManager.obj
 0001:0000b615       ??$ConvertUnityPathNameImpl@V?$allocator@D@std@@V?$allocator@_W@2@@detail@@YAXABV?$basic_string@DU?$char_traits@D@std@@V?$allocator@D@2@@std@@AAV?$basic_string@_WU?$char_traits@_W@std@@V?$allocator@_W@2@@2@@Z 1000c615 f i WebCommonLib:PluginManager.obj
 0001:0000b666       ??0UpdateInfo@PluginManager@@QAE@ABU01@@Z 1000c666 f i WebCommonLib:PluginManager.obj
[...]
 0001:0002e646       _UNITY_png_read_filter_row_paeth_1byte_pixel 1002f646 f   libpng:pngrutil.obj
 0001:0002e6dd       _UNITY_png_read_filter_row_paeth_multibyte_pixel 1002f6dd f   libpng:pngrutil.obj
 0001:0002e79a       _UNITY_png_init_filter_functions 1002f79a f   libpng:pngrutil.obj
 0001:00030648       _UNITY_png_malloc_array_checked 10031648 f   libpng:pngmem.obj
 0001:0003086b       _update_keys               1003186b f   zlib:unzip.obj
 0001:000308b0       _unzlocal_getByte          100318b0 f   zlib:unzip.obj
 0001:000308e9       _unzlocal_getShort         100318e9 f   zlib:unzip.obj
 0001:0003092f       _unzlocal_getLong          1003192f f   zlib:unzip.obj
 0001:000309a7       _unzlocal_SearchCentralDir 100319a7 f   zlib:unzip.obj
 0001:00030acf       _unzlocal_GetCurrentFileInfoInternal 10031acf f   zlib:unzip.obj
 0001:00030edb       _unzlocal_CheckCurrentFileCoherencyHeader 10031edb f   zlib:unzip.obj
 0001:00031988       _updatewindow              10032988 f   zlib:inflate.obj
 0001:00032d07       _flush_pending             10033d07 f   zlib:deflate.obj
 0001:00032d54       _longest_match             10033d54 f   zlib:deflate.obj
 0001:00032e9e       _longest_match_fast        10033e9e f   zlib:deflate.obj
 0001:00032f2c       _fill_window               10033f2c f   zlib:deflate.obj
 0001:0003307a       _deflate_stored            1003407a f   zlib:deflate.obj
 0001:000331a4       _deflate_fast              100341a4 f   zlib:deflate.obj
 0001:0003349f       _deflate_slow              1003449f f   zlib:deflate.obj
 0001:0003387c       _crc32_little              1003487c f   zlib:crc32.obj
 0001:000345fa       _init_block                100355fa f   zlib:trees.obj
 0001:0003465f       _pqdownheap                1003565f f   zlib:trees.obj
 0001:0003470f       _gen_bitlen                1003570f f   zlib:trees.obj
 0001:000348de       _scan_tree                 100358de f   zlib:trees.obj
 0001:000349a6       _send_tree                 100359a6 f   zlib:trees.obj
 0001:00034e7e       _send_all_trees            10035e7e f   zlib:trees.obj
 0001:000350aa       _compress_block            100360aa f   zlib:trees.obj
 0001:00035445       _set_data_type             10036445 f   zlib:trees.obj
 0001:00035487       _bi_windup                 10036487 f   zlib:trees.obj
 0001:000354df       _copy_block                100364df f   zlib:trees.obj
 0001:0003555f       _build_tree                1003655f f   zlib:trees.obj
 0001:000357a0       _build_bl_tree             100367a0 f   zlib:trees.obj
 0001:00035ac9       ?FormatTime@@YAXPADU_FILETIME@@@Z 10036ac9 f   CrashHandlerLib:CrashHandler.obj
 0001:00035b3c       _swprintf                  10036b3c f   CrashHandlerLib:CrashHandler.obj
 0001:00035b58       ?hprintf@@YAXAAVWindowsFileTool@unity@@PAXPBDZZ 10036b58 f   CrashHandlerLib:CrashHandler.obj
 0001:00035bad       ?DumpMiniDump@@YA_NAAVWindowsFileTool@unity@@PAXPAU_EXCEPTION_POINTERS@@@Z 10036bad f   CrashHandlerLib:CrashHandler.obj
 0001:00035c47       ?DumpModuleInfo@@YA_NAAVWindowsFileTool@unity@@PAXPAUHINSTANCE__@@H@Z 10036c47 f   CrashHandlerLib:CrashHandler.obj
 0001:00035ef2       ?DumpModuleList@@YAXAAVWindowsFileTool@unity@@PAX@Z 10036ef2 f   CrashHandlerLib:CrashHandler.obj
 0001:00035f89       ?DumpSystemInformation@@YAXAAVWindowsFileTool@unity@@PAXQAD@Z 10036f89 f   CrashHandlerLib:CrashHandler.obj
 0001:000360e6       ?GetExceptionDescription@@YAPBDK@Z 100370e6 f   CrashHandlerLib:CrashHandler.obj
 0001:00036293       ?DumpStack@@YAXAAVWindowsFileTool@unity@@PAXPAK@Z 10037293 f   CrashHandlerLib:CrashHandler.obj
 0001:0003640b       ?DumpRegisters@@YAXAAVWindowsFileTool@unity@@PAXPAU_CONTEXT@@@Z 1003740b f   CrashHandlerLib:CrashHandler.obj
 0001:00036f6c       ?CustomUnhandledExceptionFilter@@YGJPAU_EXCEPTION_POINTERS@@@Z 10037f6c f   CrashHandlerLib:CrashHandler.obj
 0001:0003880b       __shift                    1003980b f   LIBCMT:cvt.obj
 0001:00038850       __cftoe2_l                 10039850 f   LIBCMT:cvt.obj
 0001:00038e0e       __cftof2_l                 10039e0e f   LIBCMT:cvt.obj
 0001:0003bbf4       _write_char                1003cbf4 f   LIBCMT:woutput.obj
 0001:0003bc23       _write_string              1003cc23 f   LIBCMT:woutput.obj
 0001:0003c890       _ValidateScopeTableHandlers 1003d890 f   LIBCMT:eh3valid.obj
 0001:0003dfdf       __tsopen_nolock            1003efdf f   LIBCMT:open.obj
 0001:0003f5fa       __hw_cw                    100405fa f   LIBCMT:_ieee87_.obj
 0001:0003f688       ___hw_cw_sse2              10040688 f   LIBCMT:_ieee87_.obj
 0001:0003fbc0       __ehhandler$??2@YAPAXIABUnothrow_t@std@@@Z 10040bc0 f   LIBCMT:newopnt.obj
 0001:0003fbdb       __ehhandler$?CallUnexpected@@YAXPBU_s_ESTypeList@@@Z 10040bdb f   LIBCMT:frame.obj
 0001:0003fbf6       __ehhandler$?_Buynode@?$_List_val@V?$ResourcePtr@VUpdateOperation@UpdaterProxy@@@@V?$allocator@V?$ResourcePtr@VUpdateOperation@UpdaterProxy@@@@@std@@@std@@QAEPAU_Node@?$_List_nod@V?$ResourcePtr@VUpdateOperation@UpdaterProxy@@@@V?$allocator@V?$ResourcePtr@VUpdateOperation@UpdaterProxy@@@@@std@@@2@PAU342@0ABV?$ResourcePtr@VUpdateOperation@UpdaterProxy@@@@@Z 10040bf6 f    CIL library: CIL module
 0001:0003fc00       __ehhandler$?reserve@?$vector@EV?$allocator@E@std@@@std@@QAEXI@Z 10040c00 f    CIL library: CIL module
 0001:0003fc0a       __ehhandler$?reserve@?$vector@PAVDownload@@V?$allocator@PAVDownload@@@std@@@std@@QAEXI@Z 10040c0a f    CIL library: CIL module
 0001:0003fc0a       __ehhandler$?reserve@?$vector@PAVUnityWebPlayerPluginInstance@@V?$allocator@PAVUnityWebPlayerPluginInstance@@@std@@@std@@QAEXI@Z 10040c0a f    CIL library: CIL module
 0001:0003fc0a       __ehhandler$?reserve@?$vector@PAVPluginInstance@@V?$allocator@PAVPluginInstance@@@std@@@std@@QAEXI@Z 10040c0a f    CIL library: CIL module
 0001:0003fc14       __ehhandler$?_Buynode@?$_List_val@PAVDownloaderNetscape@@V?$allocator@PAVDownloaderNetscape@@@std@@@std@@QAEPAU_Node@?$_List_nod@PAVDownloaderNetscape@@V?$allocator@PAVDownloaderNetscape@@@std@@@2@PAU342@0ABQAVDownloaderNetscape@@@Z 10040c14 f    CIL library: CIL module
 0001:0003fc1e       __ehhandler$??$_Buynode@U?$pair@KPAVTimer@?A0xcd4663a9@@@std@@@?$_Tree_val@V?$_Tmap_traits@KPAVTimer@?A0xcd4663a9@@U?$less@K@std@@V?$allocator@U?$pair@$$CBKPAVTimer@?A0xcd4663a9@@@std@@@4@$0A@@std@@@std@@QAEPAU_Node@?$_Tree_nod@V?$_Tmap_traits@KPAVTimer@?A0xcd4663a9@@U?$less@K@std@@V?$allocator@U?$pair@$$CBKPAVTimer@?A0xcd4663a9@@@std@@@4@$0A@@std@@@1@$$QAU?$pair@KPAVTimer@?A0xcd4663a9@@@1@@Z 10040c1e f    CIL library: CIL module
 0001:0003fc1e       __ehhandler$??$_Buynode@U?$pair@$$CBIW4UpdateStatus@UpdaterProxy@@@std@@@?$_Tree_val@V?$_Tmap_traits@IW4UpdateStatus@UpdaterProxy@@U?$less@I@std@@V?$allocator@U?$pair@$$CBIW4UpdateStatus@UpdaterProxy@@@std@@@4@$0A@@std@@@std@@QAEPAU_Node@?$_Tree_nod@V?$_Tmap_traits@IW4UpdateStatus@UpdaterProxy@@U?$less@I@std@@V?$allocator@U?$pair@$$CBIW4UpdateStatus@UpdaterProxy@@@std@@@4@$0A@@std@@@1@$$QAU?$pair@$$CBIW4UpdateStatus@UpdaterProxy@@@1@@Z 10040c1e f    CIL library: CIL module
 0001:0003fc28       __ehhandler$?_Copy@?$basic_string@_WU?$char_traits@_W@std@@V?$allocator@_W@2@@std@@QAEXII@Z 10040c28 f    CIL library: CIL module
 0001:0003fc32       __ehhandler$??$_Insert@V?$_List_const_iterator@V?$_List_val@PAVDownloaderNetscape@@V?$allocator@PAVDownloaderNetscape@@@std@@@std@@@std@@@?$list@PAVDownloaderNetscape@@V?$allocator@PAVDownloaderNetscape@@@std@@@std@@QAEXV?$_List_const_iterator@V?$_List_val@PAVDownloaderNetscape@@V?$allocator@PAVDownloaderNetscape@@@std@@@std@@@1@00Uforward_iterator_tag@1@@Z 10040c32 f    CIL library: CIL module
 0001:0003fc3c       __ehhandler$??0?$list@PAVDownloaderNetscape@@V?$allocator@PAVDownloaderNetscape@@@std@@@std@@QAE@ABV01@@Z 10040c3c f    CIL library: CIL module
 0001:0003fc46       __ehhandler$??$_Buynode@VPortRange@@@?$_List_val@VPortRange@@V?$allocator@VPortRange@@@std@@@std@@QAEPAU_Node@?$_List_nod@VPortRange@@V?$allocator@VPortRange@@@std@@@1@PAU231@0$$QAVPortRange@@@Z 10040c46 f    CIL library: CIL module
 0001:0003fc46       __ehhandler$?_Buynode@?$_List_val@VPortRange@@V?$allocator@VPortRange@@@std@@@std@@QAEPAU_Node@?$_List_nod@VPortRange@@V?$allocator@VPortRange@@@std@@@2@PAU342@0ABVPortRange@@@Z 10040c46 f    CIL library: CIL module
 0001:0003fc50       __ehhandler$??$_Buynode@U?$pair@PAVDownloaderNetscape@@PAU_NPStream@@@std@@@?$_Tree_val@V?$_Tmap_traits@PAVDownload@@PAU_NPStream@@U?$less@PAVDownload@@@std@@V?$allocator@U?$pair@QAVDownload@@PAU_NPStream@@@std@@@4@$0A@@std@@@std@@QAEPAU_Node@?$_Tree_nod@V?$_Tmap_traits@PAVDownload@@PAU_NPStream@@U?$less@PAVDownload@@@std@@V?$allocator@U?$pair@QAVDownload@@PAU_NPStream@@@std@@@4@$0A@@std@@@1@$$QAU?$pair@PAVDownloaderNetscape@@PAU_NPStream@@@1@@Z 10040c50 f    CIL library: CIL module
 0001:0003fc5a       __ehhandler$??$_Buynode@U?$pair@IPAVDownloaderNetscape@@@std@@@?$_Tree_val@V?$_Tmap_traits@IPAVDownloaderNetscape@@U?$less@I@std@@V?$allocator@U?$pair@$$CBIPAVDownloaderNetscape@@@std@@@3@$0A@@std@@@std@@QAEPAU_Node@?$_Tree_nod@V?$_Tmap_traits@IPAVDownloaderNetscape@@U?$less@I@std@@V?$allocator@U?$pair@$$CBIPAVDownloaderNetscape@@@std@@@3@$0A@@std@@@1@$$QAU?$pair@IPAVDownloaderNetscape@@@1@@Z 10040c5a f    CIL library: CIL module
 0001:0003fc64       __ehhandler$?_Copy@?$basic_string@DU?$char_traits@D@std@@V?$allocator@D@2@@std@@QAEXII@Z 10040c64 f    CIL library: CIL module
 0001:0003fc6e       __ehhandler$??$_Buynode@UShortChannelInfo@RevisionsQuery@@@?$_Tree_val@V?$_Tset_traits@UShortChannelInfo@RevisionsQuery@@U?$less@UShortChannelInfo@RevisionsQuery@@@std@@V?$allocator@UShortChannelInfo@RevisionsQuery@@@4@$0A@@std@@@std@@QAEPAU_Node@?$_Tree_nod@V?$_Tset_traits@UShortChannelInfo@RevisionsQuery@@U?$less@UShortChannelInfo@RevisionsQuery@@@std@@V?$allocator@UShortChannelInfo@RevisionsQuery@@@4@$0A@@std@@@1@$$QAUShortChannelInfo@RevisionsQuery@@@Z 10040c6e f    CIL library: CIL module
 0001:0003fc6e       __ehhandler$??$_Buynode@AAUShortChannelInfo@RevisionsQuery@@@?$_Tree_val@V?$_Tset_traits@UShortChannelInfo@RevisionsQuery@@U?$less@UShortChannelInfo@RevisionsQuery@@@std@@V?$allocator@UShortChannelInfo@RevisionsQuery@@@4@$0A@@std@@@std@@QAEPAU_Node@?$_Tree_nod@V?$_Tset_traits@UShortChannelInfo@RevisionsQuery@@U?$less@UShortChannelInfo@RevisionsQuery@@@std@@V?$allocator@UShortChannelInfo@RevisionsQuery@@@4@$0A@@std@@@1@AAUShortChannelInfo@RevisionsQuery@@@Z 10040c6e f    CIL library: CIL module
 0001:0003fc78       __ehhandler$?_Copy@?$_Tree@V?$_Tset_traits@UShortChannelInfo@RevisionsQuery@@U?$less@UShortChannelInfo@RevisionsQuery@@@std@@V?$allocator@UShortChannelInfo@RevisionsQuery@@@4@$0A@@std@@@std@@IAEPAU_Node@?$_Tree_nod@V?$_Tset_traits@UShortChannelInfo@RevisionsQuery@@U?$less@UShortChannelInfo@RevisionsQuery@@@std@@V?$allocator@UShortChannelInfo@RevisionsQuery@@@4@$0A@@std@@@2@PAU342@0@Z 10040c78 f    CIL library: CIL module
 0001:0003fc82       __ehhandler$??0?$_Tree@V?$_Tset_traits@UShortChannelInfo@RevisionsQuery@@U?$less@UShortChannelInfo@RevisionsQuery@@@std@@V?$allocator@UShortChannelInfo@RevisionsQuery@@@4@$0A@@std@@@std@@QAE@ABV01@@Z 10040c82 f    CIL library: CIL module
 0001:0003fc8c       __ehhandler$??$_Insert@V?$_List_const_iterator@V?$_List_val@VPortRange@@V?$allocator@VPortRange@@@std@@@std@@@std@@@?$list@VPortRange@@V?$allocator@VPortRange@@@std@@@std@@QAEXV?$_List_const_iterator@V?$_List_val@VPortRange@@V?$allocator@VPortRange@@@std@@@std@@@1@00Uforward_iterator_tag@1@@Z 10040c8c f    CIL library: CIL module
 0001:0003fc96       __ehhandler$??$_Buynode@U?$pair@$$CBV?$basic_string@DU?$char_traits@D@std@@V?$allocator@D@2@@std@@PAVCrossdomainPolicy@@@std@@@?$_Tree_val@V?$_Tmap_traits@V?$basic_string@DU?$char_traits@D@std@@V?$allocator@D@2@@std@@PAVCrossdomainPolicy@@U?$less@V?$basic_string@DU?$char_traits@D@std@@V?$allocator@D@2@@std@@@2@V?$allocator@U?$pair@$$CBV?$basic_string@DU?$char_traits@D@std@@V?$allocator@D@2@@std@@PAVCrossdomainPolicy@@@std@@@2@$0A@@std@@@std@@QAEPAU_Node@?$_Tree_nod@V?$_Tmap_traits@V?$basic_string@DU?$char_traits@D@std@@V?$allocator@D@2@@std@@PAVCrossdomainPolicy@@U?$less@V?$basic_string@DU?$char_traits@D@std@@V?$allocator@D@2@@std@@@2@V?$allocator@U?$pair@$$CBV?$basic_string@DU?$char_traits@D@std@@V?$allocator@D@2@@std@@PAVCrossdomainPolicy@@@std@@@2@$0A@@std@@@1@$$QAU?$pair@$$CBV?$basic_string@DU?$char_traits@D@std@@V?$allocator@D@2@@std@@PAVCrossdomainPolicy@@@1@@Z 10040c96 f    CIL library: CIL module
 0001:0003fca0       __ehhandler$??$_Buynode@U?$pair@$$CBV?$basic_string@DU?$char_traits@D@std@@V?$allocator@D@2@@std@@V?$list@PAVDownloaderNetscape@@V?$allocator@PAVDownloaderNetscape@@@std@@@2@@std@@@?$_Tree_val@V?$_Tmap_traits@V?$basic_string@DU?$char_traits@D@std@@V?$allocator@D@2@@std@@V?$list@PAVDownloaderNetscape@@V?$allocator@PAVDownloaderNetscape@@@std@@@2@U?$less@V?$basic_string@DU?$char_traits@D@std@@V?$allocator@D@2@@std@@@2@V?$allocator@U?$pair@$$CBV?$basic_string@DU?$char_traits@D@std@@V?$allocator@D@2@@std@@V?$list@PAVDownloaderNetscape@@V?$allocator@PAVDownloaderNetscape@@@std@@@2@@std@@@2@$0A@@std@@@std@@QAEPAU_Node@?$_Tree_nod@V?$_Tmap_traits@V?$basic_string@DU?$char_traits@D@std@@V?$allocator@D@2@@std@@V?$list@PAVDownloaderNetscape@@V?$allocator@PAVDownloaderNetscape@@@std@@@2@U?$less@V?$basic_string@DU?$char_traits@D@std@@V?$allocator@D@2@@std@@@2@V?$allocator@U?$pair@$$CBV?$basic_string@DU?$char_traits@D@std@@V?$allocator@D@2@@std@@V?$list@PAVDownloaderNetscape@@V?$allocator@PAVDownloaderNetscape@@@std@@@2@@std@@@2@$0A@@std@@@1@$$QAU?$pair@$$CBV?$basic_string@DU?$char_traits@D@std@@V?$allocator@D@2@@std@@V?$list@PAVDownloaderNetscape@@V?$allocator@PAVDownloaderNetscape@@@std@@@2@@1@@Z 10040ca0 f    CIL library: CIL module
 0001:0003fcaa       __ehhandler$??0?$list@VPortRange@@V?$allocator@VPortRange@@@std@@@std@@QAE@ABV01@@Z 10040caa f    CIL library: CIL module
 0001:0003fcb4       __ehhandler$??$_Construct@PA_W@?$basic_string@_WU?$char_traits@_W@std@@V?$allocator@_W@2@@std@@QAEXPA_W0Uforward_iterator_tag@1@@Z 10040cb4 f    CIL library: CIL module
 0001:0003fcbe       __ehhandler$??$_Construct@PBE@?$basic_string@DU?$char_traits@D@std@@V?$allocator@D@2@@std@@QAEXPBE0Uforward_iterator_tag@1@@Z 10040cbe f    CIL library: CIL module
 0001:0003fcc8       __ehhandler$??$_Buynode@V?$basic_string@DU?$char_traits@D@std@@V?$allocator@D@2@@std@@@?$_Tree_val@V?$_Tset_traits@V?$basic_string@DU?$char_traits@D@std@@V?$allocator@D@2@@std@@U?$less@V?$basic_string@DU?$char_traits@D@std@@V?$allocator@D@2@@std@@@2@V?$allocator@V?$basic_string@DU?$char_traits@D@std@@V?$allocator@D@2@@std@@@2@$0A@@std@@@std@@QAEPAU_Node@?$_Tree_nod@V?$_Tset_traits@V?$basic_string@DU?$char_traits@D@std@@V?$allocator@D@2@@std@@U?$less@V?$basic_string@DU?$char_traits@D@std@@V?$allocator@D@2@@std@@@2@V?$allocator@V?$basic_string@DU?$char_traits@D@std@@V?$allocator@D@2@@std@@@2@$0A@@std@@@1@$$QAV?$basic_string@DU?$char_traits@D@std@@V?$allocator@D@2@@1@@Z 10040cc8 f    CIL library: CIL module
 0001:0003fcd2       __ehhandler$??$_Uninit_move@PAUUpdateInfo@PluginManager@@PAU12@V?$allocator@UUpdateInfo@PluginManager@@@std@@U12@@std@@YAPAUUpdateInfo@PluginManager@@PAU12@00AAV?$allocator@UUpdateInfo@PluginManager@@@0@0U_Nonscalar_ptr_iterator_tag@0@@Z 10040cd2 f    CIL library: CIL module
 0001:0003fcdc       __ehhandler$?reserve@?$vector@UUpdateInfo@PluginManager@@V?$allocator@UUpdateInfo@PluginManager@@@std@@@std@@QAEXI@Z 10040cdc f    CIL library: CIL module
 0001:0003fce6       __ehhandler$??$_Uninit_move@PAUItem@ContextSubmenu@@PAU12@V?$allocator@UItem@ContextSubmenu@@@std@@U12@@std@@YAPAUItem@ContextSubmenu@@PAU12@00AAV?$allocator@UItem@ContextSubmenu@@@0@0U_Nonscalar_ptr_iterator_tag@0@@Z 10040ce6 f    CIL library: CIL module
 0001:0003fcf0       __ehhandler$?reserve@?$vector@UItem@ContextSubmenu@@V?$allocator@UItem@ContextSubmenu@@@std@@@std@@QAEXI@Z 10040cf0 f    CIL library: CIL module
 0001:0003fcfa       __ehhandler$?_Buynode@?$_List_val@VCrossdomainPolicyEntry@@V?$allocator@VCrossdomainPolicyEntry@@@std@@@std@@QAEPAU_Node@?$_List_nod@VCrossdomainPolicyEntry@@V?$allocator@VCrossdomainPolicyEntry@@@std@@@2@PAU342@0ABVCrossdomainPolicyEntry@@@Z 10040cfa f    CIL library: CIL module
 0001:0003fd04       __ehhandler$??$_Uninit_move@PAUWebMessage@@PAU1@V?$allocator@UWebMessage@@@std@@U1@@std@@YAPAUWebMessage@@PAU1@00AAV?$allocator@UWebMessage@@@0@0U_Nonscalar_ptr_iterator_tag@0@@Z 10040d04 f    CIL library: CIL module
 0001:0003fd0e       __ehhandler$?reserve@?$vector@UWebMessage@@V?$allocator@UWebMessage@@@std@@@std@@QAEXI@Z 10040d0e f    CIL library: CIL module
 0001:0003fd18       __ehhandler$??$_Uninit_move@PAUVariantValue@@PAU1@V?$allocator@UVariantValue@@@std@@U1@@std@@YAPAUVariantValue@@PAU1@00AAV?$allocator@UVariantValue@@@0@0U_Nonscalar_ptr_iterator_tag@0@@Z 10040d18 f    CIL library: CIL module
 0001:0003fd22       __ehhandler$?reserve@?$vector@UVariantValue@@V?$allocator@UVariantValue@@@std@@@std@@QAEXI@Z 10040d22 f    CIL library: CIL module
 0001:0003fd2c       ??__Eg_Downloads@@YAXXZ    10040d2c f    CIL library: CIL module
 0001:0003fd66       ??__Eg_DownloaderToStream@@YAXXZ 10040d66 f    CIL library: CIL module
 0001:0003fda0       ??__Eg_DownloadsMutex@@YAXXZ 10040da0 f    CIL library: CIL module
 0001:0003fdb6       ??__Eg_CrossdomainPolicyMgr@@YAXXZ 10040db6 f    CIL library: CIL module
 0001:0003fdc7       ??__E?ms_WindowClass@ContextMenu@@0VContextMenuWindowClass@@B@@YAXXZ 10040dc7 f    CIL library: CIL module
 0001:0003fdd8       ??__Eglobals@@YAXXZ        10040dd8 f    CIL library: CIL module
 0001:0003fdee       ??__Eg_InstanceCountMutex@@YAXXZ 10040dee f    CIL library: CIL module
 0001:0003fe04       ??__Eg_DownloadsMutex@@YAXXZ 10040e04 f    CIL library: CIL module
 0001:0003fe1a       ??__E?m_SingletonMutex@PluginManager@@0VMutex@@A@@YAXXZ 10040e1a f    CIL library: CIL module
 0001:0003fe30       ??__Es_Kernel32@?A0x6ec35eb3@@YAXXZ 10040e30 f    CIL library: CIL module
 0001:0003fe3c       ??__Es_GetTimeUS@?A0x6ec35eb3@@YAXXZ 10040e3c f    CIL library: CIL module
 0001:0003fe47       ??__Eg_cpuInfo@@YAXXZ      10040e47 f    CIL library: CIL module
 0001:0003fe52       ??__E?s_DefaultExecutionEnv@CrashHandler@@0AAVExecutionEnvironment@unity@@A@@YAXXZ 10040e52 f   CrashHandlerLib:CrashHandler.obj
 0001:0003fe72       ??__E?s_DefaultCrashReporter@CrashHandler@@0AAVCrashReporter@unity@@A@@YAXXZ 10040e72 f   CrashHandlerLib:CrashHandler.obj
 0001:0003fe92       ??__E?s_DefaultFileTool@CrashHandler@@0V?$auto_ptr@VWindowsFileTool@unity@@@std@@A@@YAXXZ 10040e92 f   CrashHandlerLib:CrashHandler.obj
 0001:0003fec6       ??__Fg_Downloads@@YAXXZ    10040ec6 f    CIL library: CIL module
 0001:0003feeb       ??__Fg_DownloaderToStream@@YAXXZ 10040eeb f    CIL library: CIL module
 0001:0003ff10       ??__Fg_DownloadsMutex@@YAXXZ 10040f10 f    CIL library: CIL module
 0001:0003ff1c       ??__Fg_CrossdomainPolicyMgr@@YAXXZ 10040f1c f    CIL library: CIL module
 0001:0003ff21       ??__F?ms_WindowClass@ContextMenu@@0VContextMenuWindowClass@@B@@YAXXZ 10040f21 f    CIL library: CIL module
 0001:0003ff3d       ??__Fglobals@@YAXXZ        10040f3d f    CIL library: CIL module
 0001:0003ff49       ??__Fg_InstanceCountMutex@@YAXXZ 10040f49 f    CIL library: CIL module
 0001:0003ff55       ??__Fg_DownloadsMutex@@YAXXZ 10040f55 f    CIL library: CIL module
 0001:0003ff61       ??__F?m_SingletonMutex@PluginManager@@0VMutex@@A@@YAXXZ 10040f61 f    CIL library: CIL module
 0001:0003ff6d       ??__Fs_Kernel32@?A0x6ec35eb3@@YAXXZ 10040f6d f    CIL library: CIL module
 0001:0003ff7e       ??__Fnomem@?5???2@YAPAXI@Z@YAXXZ 10040f7e f   LIBCMT:new.obj
 0001:0003ff92       ??__F$S1@@YAXXZ            10040f92 f   CrashHandlerLib:CrashHandler.obj
 0001:0003ff9d       ??__F$S2@@YAXXZ            10040f9d f   CrashHandlerLib:CrashHandler.obj
 0001:0003ffa8       ??__F?s_DefaultFileTool@CrashHandler@@0V?$auto_ptr@VWindowsFileTool@unity@@@std@@A@@YAXXZ 10040fa8 f   CrashHandlerLib:CrashHandler.obj
